Archive member included to satisfy reference by file (symbol)

/home/mdk/Ac6/SystemWorkbench/plugins/fr.ac6.mcu.externaltools.arm-none.linux64_1.15.0.201708311556/tools/compiler/bin/../lib/gcc/arm-none-eabi/6.3.1/../../../../arm-none-eabi/lib/thumb/v7-m/libc.a(lib_a-exit.o)
                              /home/mdk/Ac6/SystemWorkbench/plugins/fr.ac6.mcu.externaltools.arm-none.linux64_1.15.0.201708311556/tools/compiler/bin/../lib/gcc/arm-none-eabi/6.3.1/../../../../arm-none-eabi/lib/thumb/v7-m/crt0.o (exit)
/home/mdk/Ac6/SystemWorkbench/plugins/fr.ac6.mcu.externaltools.arm-none.linux64_1.15.0.201708311556/tools/compiler/bin/../lib/gcc/arm-none-eabi/6.3.1/../../../../arm-none-eabi/lib/thumb/v7-m/libc.a(lib_a-impure.o)
                              /home/mdk/Ac6/SystemWorkbench/plugins/fr.ac6.mcu.externaltools.arm-none.linux64_1.15.0.201708311556/tools/compiler/bin/../lib/gcc/arm-none-eabi/6.3.1/../../../../arm-none-eabi/lib/thumb/v7-m/libc.a(lib_a-exit.o) (_global_impure_ptr)
/home/mdk/Ac6/SystemWorkbench/plugins/fr.ac6.mcu.externaltools.arm-none.linux64_1.15.0.201708311556/tools/compiler/bin/../lib/gcc/arm-none-eabi/6.3.1/../../../../arm-none-eabi/lib/thumb/v7-m/libc.a(lib_a-init.o)
                              /home/mdk/Ac6/SystemWorkbench/plugins/fr.ac6.mcu.externaltools.arm-none.linux64_1.15.0.201708311556/tools/compiler/bin/../lib/gcc/arm-none-eabi/6.3.1/../../../../arm-none-eabi/lib/thumb/v7-m/crt0.o (__libc_init_array)
/home/mdk/Ac6/SystemWorkbench/plugins/fr.ac6.mcu.externaltools.arm-none.linux64_1.15.0.201708311556/tools/compiler/bin/../lib/gcc/arm-none-eabi/6.3.1/../../../../arm-none-eabi/lib/thumb/v7-m/libc.a(lib_a-memcpy.o)
                              src/AES.o (memcpy)
/home/mdk/Ac6/SystemWorkbench/plugins/fr.ac6.mcu.externaltools.arm-none.linux64_1.15.0.201708311556/tools/compiler/bin/../lib/gcc/arm-none-eabi/6.3.1/../../../../arm-none-eabi/lib/thumb/v7-m/libc.a(lib_a-memset.o)
                              /home/mdk/Ac6/SystemWorkbench/plugins/fr.ac6.mcu.externaltools.arm-none.linux64_1.15.0.201708311556/tools/compiler/bin/../lib/gcc/arm-none-eabi/6.3.1/../../../../arm-none-eabi/lib/thumb/v7-m/crt0.o (memset)
/home/mdk/Ac6/SystemWorkbench/plugins/fr.ac6.mcu.externaltools.arm-none.linux64_1.15.0.201708311556/tools/compiler/bin/../lib/gcc/arm-none-eabi/6.3.1/../../../../arm-none-eabi/lib/thumb/v7-m/libc.a(lib_a-__call_atexit.o)
                              /home/mdk/Ac6/SystemWorkbench/plugins/fr.ac6.mcu.externaltools.arm-none.linux64_1.15.0.201708311556/tools/compiler/bin/../lib/gcc/arm-none-eabi/6.3.1/../../../../arm-none-eabi/lib/thumb/v7-m/libc.a(lib_a-exit.o) (__call_exitprocs)
/home/mdk/Ac6/SystemWorkbench/plugins/fr.ac6.mcu.externaltools.arm-none.linux64_1.15.0.201708311556/tools/compiler/bin/../lib/gcc/arm-none-eabi/6.3.1/../../../../arm-none-eabi/lib/thumb/v7-m/libc.a(lib_a-atexit.o)
                              /home/mdk/Ac6/SystemWorkbench/plugins/fr.ac6.mcu.externaltools.arm-none.linux64_1.15.0.201708311556/tools/compiler/bin/../lib/gcc/arm-none-eabi/6.3.1/../../../../arm-none-eabi/lib/thumb/v7-m/libc.a(lib_a-__call_atexit.o) (atexit)
/home/mdk/Ac6/SystemWorkbench/plugins/fr.ac6.mcu.externaltools.arm-none.linux64_1.15.0.201708311556/tools/compiler/bin/../lib/gcc/arm-none-eabi/6.3.1/../../../../arm-none-eabi/lib/thumb/v7-m/libc.a(lib_a-fini.o)
                              /home/mdk/Ac6/SystemWorkbench/plugins/fr.ac6.mcu.externaltools.arm-none.linux64_1.15.0.201708311556/tools/compiler/bin/../lib/gcc/arm-none-eabi/6.3.1/../../../../arm-none-eabi/lib/thumb/v7-m/libc.a(lib_a-__call_atexit.o) (__libc_fini_array)
/home/mdk/Ac6/SystemWorkbench/plugins/fr.ac6.mcu.externaltools.arm-none.linux64_1.15.0.201708311556/tools/compiler/bin/../lib/gcc/arm-none-eabi/6.3.1/../../../../arm-none-eabi/lib/thumb/v7-m/libc.a(lib_a-lock.o)
                              /home/mdk/Ac6/SystemWorkbench/plugins/fr.ac6.mcu.externaltools.arm-none.linux64_1.15.0.201708311556/tools/compiler/bin/../lib/gcc/arm-none-eabi/6.3.1/../../../../arm-none-eabi/lib/thumb/v7-m/libc.a(lib_a-__call_atexit.o) (__retarget_lock_acquire_recursive)
/home/mdk/Ac6/SystemWorkbench/plugins/fr.ac6.mcu.externaltools.arm-none.linux64_1.15.0.201708311556/tools/compiler/bin/../lib/gcc/arm-none-eabi/6.3.1/../../../../arm-none-eabi/lib/thumb/v7-m/libc.a(lib_a-__atexit.o)
                              /home/mdk/Ac6/SystemWorkbench/plugins/fr.ac6.mcu.externaltools.arm-none.linux64_1.15.0.201708311556/tools/compiler/bin/../lib/gcc/arm-none-eabi/6.3.1/../../../../arm-none-eabi/lib/thumb/v7-m/libc.a(lib_a-atexit.o) (__register_exitproc)

Allocating common symbols
Common symbol       size              file

__lock___atexit_recursive_mutex
                    0x1               /home/mdk/Ac6/SystemWorkbench/plugins/fr.ac6.mcu.externaltools.arm-none.linux64_1.15.0.201708311556/tools/compiler/bin/../lib/gcc/arm-none-eabi/6.3.1/../../../../arm-none-eabi/lib/thumb/v7-m/libc.a(lib_a-lock.o)
__lock___arc4random_mutex
[...]
Memory Configuration

Name             Origin             Length             Attributes
RAM              0x0000000020000000 0x0000000000005000 xrw
ROM              0x0000000008000000 0x0000000000010000 xr
*default*        0x0000000000000000 0xffffffffffffffff

Linker script and memory map

LOAD /home/mdk/Ac6/SystemWorkbench/plugins/fr.ac6.mcu.externaltools.arm-none.linux64_1.15.0.201708311556/tools/compiler/bin/../lib/gcc/arm-none-eabi/6.3.1/thumb/v7-m/crti.o
LOAD /home/mdk/Ac6/SystemWorkbench/plugins/fr.ac6.mcu.externaltools.arm-none.linux64_1.15.0.201708311556/tools/compiler/bin/../lib/gcc/arm-none-eabi/6.3.1/thumb/v7-m/crtbegin.o
LOAD /home/mdk/Ac6/SystemWorkbench/plugins/fr.ac6.mcu.externaltools.arm-none.linux64_1.15.0.201708311556/tools/compiler/bin/../lib/gcc/arm-none-eabi/6.3.1/../../../../arm-none-eabi/lib/thumb/v7-m/crt0.o
LOAD HAL_Driver/Src/stm32f1xx_hal.o
LOAD HAL_Driver/Src/stm32f1xx_hal_adc.o
LOAD HAL_Driver/Src/stm32f1xx_hal_adc_ex.o
LOAD HAL_Driver/Src/stm32f1xx_hal_can.o
LOAD HAL_Driver/Src/stm32f1xx_hal_cec.o
LOAD HAL_Driver/Src/stm32f1xx_hal_cortex.o
LOAD HAL_Driver/Src/stm32f1xx_hal_crc.o
LOAD HAL_Driver/Src/stm32f1xx_hal_dac.o
LOAD HAL_Driver/Src/stm32f1xx_hal_dac_ex.o
LOAD HAL_Driver/Src/stm32f1xx_hal_dma.o
LOAD HAL_Driver/Src/stm32f1xx_hal_eth.o
LOAD HAL_Driver/Src/stm32f1xx_hal_flash.o
LOAD HAL_Driver/Src/stm32f1xx_hal_flash_ex.o
LOAD HAL_Driver/Src/stm32f1xx_hal_gpio.o
LOAD HAL_Driver/Src/stm32f1xx_hal_gpio_ex.o
LOAD HAL_Driver/Src/stm32f1xx_hal_hcd.o
LOAD HAL_Driver/Src/stm32f1xx_hal_i2c.o
LOAD HAL_Driver/Src/stm32f1xx_hal_i2s.o
LOAD HAL_Driver/Src/stm32f1xx_hal_irda.o
LOAD HAL_Driver/Src/stm32f1xx_hal_iwdg.o
LOAD HAL_Driver/Src/stm32f1xx_hal_mmc.o
LOAD HAL_Driver/Src/stm32f1xx_hal_msp_template.o
LOAD HAL_Driver/Src/stm32f1xx_hal_nand.o
LOAD HAL_Driver/Src/stm32f1xx_hal_nor.o
LOAD HAL_Driver/Src/stm32f1xx_hal_pccard.o
LOAD HAL_Driver/Src/stm32f1xx_hal_pcd.o
LOAD HAL_Driver/Src/stm32f1xx_hal_pcd_ex.o
LOAD HAL_Driver/Src/stm32f1xx_hal_pwr.o
LOAD HAL_Driver/Src/stm32f1xx_hal_rcc.o
LOAD HAL_Driver/Src/stm32f1xx_hal_rcc_ex.o
LOAD HAL_Driver/Src/stm32f1xx_hal_rtc.o
LOAD HAL_Driver/Src/stm32f1xx_hal_rtc_ex.o
LOAD HAL_Driver/Src/stm32f1xx_hal_sd.o
LOAD HAL_Driver/Src/stm32f1xx_hal_smartcard.o
LOAD HAL_Driver/Src/stm32f1xx_hal_spi.o
LOAD HAL_Driver/Src/stm32f1xx_hal_spi_ex.o
LOAD HAL_Driver/Src/stm32f1xx_hal_sram.o
LOAD HAL_Driver/Src/stm32f1xx_hal_tim.o
LOAD HAL_Driver/Src/stm32f1xx_hal_tim_ex.o
LOAD HAL_Driver/Src/stm32f1xx_hal_uart.o
LOAD HAL_Driver/Src/stm32f1xx_hal_usart.o
LOAD HAL_Driver/Src/stm32f1xx_hal_wwdg.o
LOAD HAL_Driver/Src/stm32f1xx_ll_adc.o
LOAD HAL_Driver/Src/stm32f1xx_ll_crc.o
LOAD HAL_Driver/Src/stm32f1xx_ll_dac.o
LOAD HAL_Driver/Src/stm32f1xx_ll_dma.o
LOAD HAL_Driver/Src/stm32f1xx_ll_exti.o
LOAD HAL_Driver/Src/stm32f1xx_ll_fsmc.o
LOAD HAL_Driver/Src/stm32f1xx_ll_gpio.o
LOAD HAL_Driver/Src/stm32f1xx_ll_i2c.o
LOAD HAL_Driver/Src/stm32f1xx_ll_pwr.o
LOAD HAL_Driver/Src/stm32f1xx_ll_rcc.o
LOAD HAL_Driver/Src/stm32f1xx_ll_rtc.o
LOAD HAL_Driver/Src/stm32f1xx_ll_sdmmc.o
LOAD HAL_Driver/Src/stm32f1xx_ll_spi.o
LOAD HAL_Driver/Src/stm32f1xx_ll_tim.o
LOAD HAL_Driver/Src/stm32f1xx_ll_usart.o
LOAD HAL_Driver/Src/stm32f1xx_ll_usb.o
LOAD HAL_Driver/Src/stm32f1xx_ll_utils.o
LOAD src/AES.o
LOAD src/main.o
LOAD startup/startup_stm32.o
LOAD /home/mdk/Ac6/SystemWorkbench/plugins/fr.ac6.mcu.externaltools.arm-none.linux64_1.15.0.201708311556/tools/compiler/bin/../lib/gcc/arm-none-eabi/6.3.1/../../../../arm-none-eabi/lib/thumb/v7-m/libstdc++.a
LOAD /home/mdk/Ac6/SystemWorkbench/plugins/fr.ac6.mcu.externaltools.arm-none.linux64_1.15.0.201708311556/tools/compiler/bin/../lib/gcc/arm-none-eabi/6.3.1/../../../../arm-none-eabi/lib/thumb/v7-m/libm.a
START GROUP
LOAD /home/mdk/Ac6/SystemWorkbench/plugins/fr.ac6.mcu.externaltools.arm-none.linux64_1.15.0.201708311556/tools/compiler/bin/../lib/gcc/arm-none-eabi/6.3.1/thumb/v7-m/libgcc.a
LOAD /home/mdk/Ac6/SystemWorkbench/plugins/fr.ac6.mcu.externaltools.arm-none.linux64_1.15.0.201708311556/tools/compiler/bin/../lib/gcc/arm-none-eabi/6.3.1/../../../../arm-none-eabi/lib/thumb/v7-m/libc.a
END GROUP
LOAD /home/mdk/Ac6/SystemWorkbench/plugins/fr.ac6.mcu.externaltools.arm-none.linux64_1.15.0.201708311556/tools/compiler/bin/../lib/gcc/arm-none-eabi/6.3.1/thumb/v7-m/crtend.o
LOAD /home/mdk/Ac6/SystemWorkbench/plugins/fr.ac6.mcu.externaltools.arm-none.linux64_1.15.0.201708311556/tools/compiler/bin/../lib/gcc/arm-none-eabi/6.3.1/thumb/v7-m/crtn.o
                0x0000000020005000                _estack = 0x20005000
                0x0000000000000000                _Min_Heap_Size = 0x0
                0x0000000000000400                _Min_Stack_Size = 0x400

.isr_vector     0x0000000008000000      0x10c
                0x0000000008000000                . = ALIGN (0x4)
 *(.isr_vector)
 .isr_vector    0x0000000008000000      0x10c startup/startup_stm32.o
                0x0000000008000000                g_pfnVectors
                0x000000000800010c                . = ALIGN (0x4)

.text           0x000000000800010c      0xf74
                0x000000000800010c                . = ALIGN (0x4)
 *(.text)
 .text          0x000000000800010c       0x6c /home/mdk/Ac6/SystemWorkbench/plugins/fr.ac6.mcu.externaltools.arm-none.linux64_1.15.0.201708311556/tools/compiler/bin/../lib/gcc/arm-none-eabi/6.3.1/thumb/v7-m/crtbegin.o
 .text          0x0000000008000178       0xec /home/mdk/Ac6/SystemWorkbench/plugins/fr.ac6.mcu.externaltools.arm-none.linux64_1.15.0.201708311556/tools/compiler/bin/../lib/gcc/arm-none-eabi/6.3.1/../../../../arm-none-eabi/lib/thumb/v7-m/libc.a(lib_a-memcpy.o)
                0x0000000008000178                memcpy
 *(.text*)
 .text.HAL_NVIC_SetPriority
                0x0000000008000264       0x64 HAL_Driver/Src/stm32f1xx_hal_cortex.o
                0x0000000008000264                HAL_NVIC_SetPriority
 .text.HAL_NVIC_EnableIRQ
                0x00000000080002c8       0x18 HAL_Driver/Src/stm32f1xx_hal_cortex.o
                0x00000000080002c8                HAL_NVIC_EnableIRQ
 .text.HAL_GPIO_Init
                0x00000000080002e0      0x1ec HAL_Driver/Src/stm32f1xx_hal_gpio.o
                0x00000000080002e0                HAL_GPIO_Init
 .text.HAL_GPIO_WritePin
                0x00000000080004cc        0xc HAL_Driver/Src/stm32f1xx_hal_gpio.o
                0x00000000080004cc                HAL_GPIO_WritePin
 .text.HAL_GPIO_TogglePin
                0x00000000080004d8        0x8 HAL_Driver/Src/stm32f1xx_hal_gpio.o
                0x00000000080004d8                HAL_GPIO_TogglePin
 .text.HAL_TIM_Base_MspInit
                0x00000000080004e0        0x2 HAL_Driver/Src/stm32f1xx_hal_tim.o
                0x00000000080004e0                HAL_TIM_Base_MspInit
 *fill*         0x00000000080004e2        0x2 
 .text.TIM_Base_SetConfig
                0x00000000080004e4       0x78 HAL_Driver/Src/stm32f1xx_hal_tim.o
                0x00000000080004e4                TIM_Base_SetConfig
 .text.HAL_TIM_Base_Init
                0x000000000800055c       0x32 HAL_Driver/Src/stm32f1xx_hal_tim.o
                0x000000000800055c                HAL_TIM_Base_Init
 *fill*         0x000000000800058e        0x2 
 .text._Z14get_SBox_Valuei
                0x0000000008000590       0x24 src/AES.o
                0x0000000008000590                get_SBox_Value(int)
 .text._Z16get_SBox_Inversei
                0x00000000080005b4       0x24 src/AES.o
                0x00000000080005b4                get_SBox_Inverse(int)
 .text._Z11Expand_Keysv
                0x00000000080005d8      0x164 src/AES.o
                0x00000000080005d8                Expand_Keys()
 .text._Z13Add_Round_KeyiPA4_h
                0x000000000800073c       0x38 src/AES.o
                0x000000000800073c                Add_Round_Key(int, unsigned char (*) [4])
 .text._Z9Sub_BytesPA4_h
                0x0000000008000774       0x26 src/AES.o
                0x0000000008000774                Sub_Bytes(unsigned char (*) [4])
 .text._Z13Inv_Sub_BytesPA4_h
                0x000000000800079a       0x26 src/AES.o
                0x000000000800079a                Inv_Sub_Bytes(unsigned char (*) [4])
 .text._Z10Shift_RowsPA4_h
                0x00000000080007c0       0x32 src/AES.o
                0x00000000080007c0                Shift_Rows(unsigned char (*) [4])
 .text._Z14Inv_Shift_RowsPA4_h
                0x00000000080007f2       0x32 src/AES.o
                0x00000000080007f2                Inv_Shift_Rows(unsigned char (*) [4])
 .text._Z11Mix_ColumnsPA4_h
                0x0000000008000824       0x90 src/AES.o
                0x0000000008000824                Mix_Columns(unsigned char (*) [4])
 .text._Z15Inv_Mix_ColumnsPA4_h
                0x00000000080008b4      0x268 src/AES.o
                0x00000000080008b4                Inv_Mix_Columns(unsigned char (*) [4])
 .text._Z7EncryptPhS_S_i
                0x0000000008000b1c       0xb0 src/AES.o
                0x0000000008000b1c                Encrypt(unsigned char*, unsigned char*, unsigned char*, int)
 .text._Z7DecryptPhS_S_i
                0x0000000008000bcc       0xb0 src/AES.o
                0x0000000008000bcc                Decrypt(unsigned char*, unsigned char*, unsigned char*, int)
 .text._Z10clocksInitv
                0x0000000008000c7c       0xa8 src/main.o
                0x0000000008000c7c                clocksInit()
 .text.main     0x0000000008000d24      0x1ac src/main.o
                0x0000000008000d24                main
 .text.TIM4_IRQHandler
                0x0000000008000ed0       0x34 src/main.o
                0x0000000008000ed0                TIM4_IRQHandler
 .text.Reset_Handler
                0x0000000008000f04       0x40 startup/startup_stm32.o
                0x0000000008000f04                Reset_Handler
 .text.Default_Handler
                0x0000000008000f44        0x2 startup/startup_stm32.o
                0x0000000008000f44                EXTI2_IRQHandler
                0x0000000008000f44                DebugMon_Handler
                0x0000000008000f44                TIM1_CC_IRQHandler
                0x0000000008000f44                HardFault_Handler
                0x0000000008000f44                SysTick_Handler
                0x0000000008000f44                PVD_IRQHandler
                0x0000000008000f44                PendSV_Handler
                0x0000000008000f44                NMI_Handler
                0x0000000008000f44                EXTI3_IRQHandler
                0x0000000008000f44                EXTI0_IRQHandler
                0x0000000008000f44                I2C2_EV_IRQHandler
                0x0000000008000f44                UsageFault_Handler
                0x0000000008000f44                ADC1_2_IRQHandler
                0x0000000008000f44                SPI1_IRQHandler
                0x0000000008000f44                TAMPER_IRQHandler
                0x0000000008000f44                DMA1_Channel4_IRQHandler
                0x0000000008000f44                USART3_IRQHandler
                0x0000000008000f44                RTC_IRQHandler
                0x0000000008000f44                DMA1_Channel7_IRQHandler
                0x0000000008000f44                CAN1_RX1_IRQHandler
                0x0000000008000f44                I2C1_EV_IRQHandler
                0x0000000008000f44                DMA1_Channel6_IRQHandler
                0x0000000008000f44                TIM3_IRQHandler
                0x0000000008000f44                RCC_IRQHandler
                0x0000000008000f44                TIM1_TRG_COM_IRQHandler
                0x0000000008000f44                DMA1_Channel1_IRQHandler
                0x0000000008000f44                Default_Handler
                0x0000000008000f44                EXTI15_10_IRQHandler
                0x0000000008000f44                EXTI9_5_IRQHandler
                0x0000000008000f44                SPI2_IRQHandler
                0x0000000008000f44                MemManage_Handler
                0x0000000008000f44                SVC_Handler
                0x0000000008000f44                DMA1_Channel5_IRQHandler
                0x0000000008000f44                EXTI4_IRQHandler
                0x0000000008000f44                USB_LP_CAN1_RX0_IRQHandler
                0x0000000008000f44                USB_HP_CAN1_TX_IRQHandler
                0x0000000008000f44                DMA1_Channel3_IRQHandler
                0x0000000008000f44                TIM1_UP_IRQHandler
                0x0000000008000f44                WWDG_IRQHandler
                0x0000000008000f44                TIM2_IRQHandler
                0x0000000008000f44                TIM1_BRK_IRQHandler
                0x0000000008000f44                EXTI1_IRQHandler
                0x0000000008000f44                RTCAlarm_IRQHandler
                0x0000000008000f44                USART2_IRQHandler
                0x0000000008000f44                I2C2_ER_IRQHandler
                0x0000000008000f44                DMA1_Channel2_IRQHandler
                0x0000000008000f44                CAN1_SCE_IRQHandler
                0x0000000008000f44                FLASH_IRQHandler
                0x0000000008000f44                BusFault_Handler
                0x0000000008000f44                USART1_IRQHandler
                0x0000000008000f44                I2C1_ER_IRQHandler
                0x0000000008000f44                USBWakeUp_IRQHandler
 *fill*         0x0000000008000f46        0x2 
 .text.startup.register_fini
                0x0000000008000f48       0x14 /home/mdk/Ac6/SystemWorkbench/plugins/fr.ac6.mcu.externaltools.arm-none.linux64_1.15.0.201708311556/tools/compiler/bin/../lib/gcc/arm-none-eabi/6.3.1/../../../../arm-none-eabi/lib/thumb/v7-m/libc.a(lib_a-__call_atexit.o)
 .text.atexit   0x0000000008000f5c        0xc /home/mdk/Ac6/SystemWorkbench/plugins/fr.ac6.mcu.externaltools.arm-none.linux64_1.15.0.201708311556/tools/compiler/bin/../lib/gcc/arm-none-eabi/6.3.1/../../../../arm-none-eabi/lib/thumb/v7-m/libc.a(lib_a-atexit.o)
                0x0000000008000f5c                atexit
 .text.__libc_fini_array
                0x0000000008000f68       0x34 /home/mdk/Ac6/SystemWorkbench/plugins/fr.ac6.mcu.externaltools.arm-none.linux64_1.15.0.201708311556/tools/compiler/bin/../lib/gcc/arm-none-eabi/6.3.1/../../../../arm-none-eabi/lib/thumb/v7-m/libc.a(lib_a-fini.o)
                0x0000000008000f68                __libc_fini_array
 .text.__retarget_lock_acquire_recursive
                0x0000000008000f9c        0x4 /home/mdk/Ac6/SystemWorkbench/plugins/fr.ac6.mcu.externaltools.arm-none.linux64_1.15.0.201708311556/tools/compiler/bin/../lib/gcc/arm-none-eabi/6.3.1/../../../../arm-none-eabi/lib/thumb/v7-m/libc.a(lib_a-lock.o)
                0x0000000008000f9c                __retarget_lock_acquire_recursive
 .text.__retarget_lock_release_recursive
                0x0000000008000fa0        0x4 /home/mdk/Ac6/SystemWorkbench/plugins/fr.ac6.mcu.externaltools.arm-none.linux64_1.15.0.201708311556/tools/compiler/bin/../lib/gcc/arm-none-eabi/6.3.1/../../../../arm-none-eabi/lib/thumb/v7-m/libc.a(lib_a-lock.o)
                0x0000000008000fa0                __retarget_lock_release_recursive
 .text.__register_exitproc
                0x0000000008000fa4       0xc4 /home/mdk/Ac6/SystemWorkbench/plugins/fr.ac6.mcu.externaltools.arm-none.linux64_1.15.0.201708311556/tools/compiler/bin/../lib/gcc/arm-none-eabi/6.3.1/../../../../arm-none-eabi/lib/thumb/v7-m/libc.a(lib_a-__atexit.o)
                0x0000000008000fa4                __register_exitproc
 *(.glue_7)
 .glue_7        0x0000000008001068        0x0 linker stubs
 *(.glue_7t)
 .glue_7t       0x0000000008001068        0x0 linker stubs
 *(.eh_frame)
 .eh_frame      0x0000000008001068        0x0 /home/mdk/Ac6/SystemWorkbench/plugins/fr.ac6.mcu.externaltools.arm-none.linux64_1.15.0.201708311556/tools/compiler/bin/../lib/gcc/arm-none-eabi/6.3.1/thumb/v7-m/crtbegin.o
 *(.init)
 .init          0x0000000008001068        0x4 /home/mdk/Ac6/SystemWorkbench/plugins/fr.ac6.mcu.externaltools.arm-none.linux64_1.15.0.201708311556/tools/compiler/bin/../lib/gcc/arm-none-eabi/6.3.1/thumb/v7-m/crti.o
                0x0000000008001068                _init
 .init          0x000000000800106c        0x8 /home/mdk/Ac6/SystemWorkbench/plugins/fr.ac6.mcu.externaltools.arm-none.linux64_1.15.0.201708311556/tools/compiler/bin/../lib/gcc/arm-none-eabi/6.3.1/thumb/v7-m/crtn.o
 *(.fini)
 .fini          0x0000000008001074        0x4 /home/mdk/Ac6/SystemWorkbench/plugins/fr.ac6.mcu.externaltools.arm-none.linux64_1.15.0.201708311556/tools/compiler/bin/../lib/gcc/arm-none-eabi/6.3.1/thumb/v7-m/crti.o
                0x0000000008001074                _fini
 .fini          0x0000000008001078        0x8 /home/mdk/Ac6/SystemWorkbench/plugins/fr.ac6.mcu.externaltools.arm-none.linux64_1.15.0.201708311556/tools/compiler/bin/../lib/gcc/arm-none-eabi/6.3.1/thumb/v7-m/crtn.o
                0x0000000008001080                . = ALIGN (0x4)
                0x0000000008001080                _etext = .

.vfp11_veneer   0x0000000008001080        0x0
 .vfp11_veneer  0x0000000008001080        0x0 linker stubs

.v4_bx          0x0000000008001080        0x0
 .v4_bx         0x0000000008001080        0x0 linker stubs

.iplt           0x0000000008001080        0x0
 .iplt          0x0000000008001080        0x0 /home/mdk/Ac6/SystemWorkbench/plugins/fr.ac6.mcu.externaltools.arm-none.linux64_1.15.0.201708311556/tools/compiler/bin/../lib/gcc/arm-none-eabi/6.3.1/thumb/v7-m/crtbegin.o

.rodata         0x0000000008001080      0x834
                0x0000000008001080                . = ALIGN (0x4)
 *(.rodata)
 .rodata        0x0000000008001080      0x800 src/AES.o
 .rodata        0x0000000008001880       0x20 src/main.o
 *(.rodata*)
 .rodata.str1.4
                0x00000000080018a0       0x10 src/main.o
 .rodata._global_impure_ptr
                0x00000000080018b0        0x4 /home/mdk/Ac6/SystemWorkbench/plugins/fr.ac6.mcu.externaltools.arm-none.linux64_1.15.0.201708311556/tools/compiler/bin/../lib/gcc/arm-none-eabi/6.3.1/../../../../arm-none-eabi/lib/thumb/v7-m/libc.a(lib_a-impure.o)
                0x00000000080018b0                _global_impure_ptr
                0x00000000080018b4                . = ALIGN (0x4)

.rel.dyn        0x00000000080018b4        0x0
 .rel.iplt      0x00000000080018b4        0x0 /home/mdk/Ac6/SystemWorkbench/plugins/fr.ac6.mcu.externaltools.arm-none.linux64_1.15.0.201708311556/tools/compiler/bin/../lib/gcc/arm-none-eabi/6.3.1/thumb/v7-m/crtbegin.o

.ARM.extab      0x00000000080018b4        0x0
                0x00000000080018b4                . = ALIGN (0x4)
 *(.ARM.extab* .gnu.linkonce.armextab.*)
                0x00000000080018b4                . = ALIGN (0x4)

.ARM            0x00000000080018b4        0x0
                0x00000000080018b4                . = ALIGN (0x4)
                0x00000000080018b4                __exidx_start = .
 *(.ARM.exidx*)
                0x00000000080018b4                __exidx_end = .
                0x00000000080018b4                . = ALIGN (0x4)

.preinit_array  0x00000000080018b4        0x0
                0x00000000080018b4                . = ALIGN (0x4)
                0x00000000080018b4                PROVIDE (__preinit_array_start, .)
 *(.preinit_array*)
                0x00000000080018b4                PROVIDE (__preinit_array_end, .)
                0x00000000080018b4                . = ALIGN (0x4)

.init_array     0x00000000080018b4        0x8
                0x00000000080018b4                . = ALIGN (0x4)
                0x00000000080018b4                PROVIDE (__init_array_start, .)
 *(SORT(.init_array.*))
 .init_array.00000
                0x00000000080018b4        0x4 /home/mdk/Ac6/SystemWorkbench/plugins/fr.ac6.mcu.externaltools.arm-none.linux64_1.15.0.201708311556/tools/compiler/bin/../lib/gcc/arm-none-eabi/6.3.1/../../../../arm-none-eabi/lib/thumb/v7-m/libc.a(lib_a-__call_atexit.o)
 *(.init_array*)
 .init_array    0x00000000080018b8        0x4 /home/mdk/Ac6/SystemWorkbench/plugins/fr.ac6.mcu.externaltools.arm-none.linux64_1.15.0.201708311556/tools/compiler/bin/../lib/gcc/arm-none-eabi/6.3.1/thumb/v7-m/crtbegin.o
                0x00000000080018bc                PROVIDE (__init_array_end, .)
                0x00000000080018bc                . = ALIGN (0x4)

.fini_array     0x00000000080018bc        0x4
                0x00000000080018bc                . = ALIGN (0x4)
                0x00000000080018bc                PROVIDE (__fini_array_start, .)
 *(SORT(.fini_array.*))
 *(.fini_array*)
 .fini_array    0x00000000080018bc        0x4 /home/mdk/Ac6/SystemWorkbench/plugins/fr.ac6.mcu.externaltools.arm-none.linux64_1.15.0.201708311556/tools/compiler/bin/../lib/gcc/arm-none-eabi/6.3.1/thumb/v7-m/crtbegin.o
                0x00000000080018c0                PROVIDE (__fini_array_end, .)
                0x00000000080018c0                . = ALIGN (0x4)
                0x00000000080018c0                _sidata = LOADADDR (.data)

.data           0x0000000020000000      0x82c load address 0x00000000080018c0
                0x0000000020000000                . = ALIGN (0x4)
                0x0000000020000000                _sdata = .
 *(.data)
 .data          0x0000000020000000      0x3fc src/AES.o
                0x0000000020000000                Rcon
 *(.data*)
 *fill*         0x00000000200003fc        0x4 
 .data.impure_data
                0x0000000020000400      0x428 /home/mdk/Ac6/SystemWorkbench/plugins/fr.ac6.mcu.externaltools.arm-none.linux64_1.15.0.201708311556/tools/compiler/bin/../lib/gcc/arm-none-eabi/6.3.1/../../../../arm-none-eabi/lib/thumb/v7-m/libc.a(lib_a-impure.o)
 .data.__atexit_recursive_mutex
                0x0000000020000828        0x4 /home/mdk/Ac6/SystemWorkbench/plugins/fr.ac6.mcu.externaltools.arm-none.linux64_1.15.0.201708311556/tools/compiler/bin/../lib/gcc/arm-none-eabi/6.3.1/../../../../arm-none-eabi/lib/thumb/v7-m/libc.a(lib_a-__call_atexit.o)
                0x0000000020000828                __atexit_recursive_mutex
                0x000000002000082c                . = ALIGN (0x4)
                0x000000002000082c                _edata = .

.jcr            0x000000002000082c        0x0 load address 0x00000000080020ec
 .jcr           0x000000002000082c        0x0 /home/mdk/Ac6/SystemWorkbench/plugins/fr.ac6.mcu.externaltools.arm-none.linux64_1.15.0.201708311556/tools/compiler/bin/../lib/gcc/arm-none-eabi/6.3.1/thumb/v7-m/crtbegin.o

.igot.plt       0x000000002000082c        0x0 load address 0x00000000080020ec
 .igot.plt      0x000000002000082c        0x0 /home/mdk/Ac6/SystemWorkbench/plugins/fr.ac6.mcu.externaltools.arm-none.linux64_1.15.0.201708311556/tools/compiler/bin/../lib/gcc/arm-none-eabi/6.3.1/thumb/v7-m/crtbegin.o
                0x000000002000082c                . = ALIGN (0x4)

.bss            0x0000000020000830      0x23c load address 0x00000000080020ec
                0x0000000020000830                _sbss = .
                0x0000000020000830                __bss_start__ = _sbss
 *(.bss)
 .bss           0x0000000020000830       0x1c /home/mdk/Ac6/SystemWorkbench/plugins/fr.ac6.mcu.externaltools.arm-none.linux64_1.15.0.201708311556/tools/compiler/bin/../lib/gcc/arm-none-eabi/6.3.1/thumb/v7-m/crtbegin.o
 .bss           0x000000002000084c      0x118 src/AES.o
                0x000000002000084c                keyLength
                0x0000000020000850                Key
                0x0000000020000870                roundKey
                0x0000000020000960                rounds
 *fill*         0x0000000020000964        0x4 
 .bss           0x0000000020000968       0xe0 src/main.o
                0x0000000020000968                tim4
                0x00000000200009a8                millis
                0x00000000200009ac                timMeasures
                0x0000000020000a00                millis2
                0x0000000020000a08                tim1
 *(.bss*)
 *(COMMON)
 COMMON         0x0000000020000a48       0x21 /home/mdk/Ac6/SystemWorkbench/plugins/fr.ac6.mcu.externaltools.arm-none.linux64_1.15.0.201708311556/tools/compiler/bin/../lib/gcc/arm-none-eabi/6.3.1/../../../../arm-none-eabi/lib/thumb/v7-m/libc.a(lib_a-lock.o)
                0x0000000020000a48                __lock___atexit_recursive_mutex
                0x0000000020000a4c                __lock___arc4random_mutex
                0x0000000020000a50                __lock___env_recursive_mutex
                0x0000000020000a54                __lock___sinit_recursive_mutex
                0x0000000020000a58                __lock___malloc_recursive_mutex
                0x0000000020000a5c                __lock___at_quick_exit_mutex
                0x0000000020000a60                __lock___dd_hash_mutex
                0x0000000020000a64                __lock___tz_mutex
                0x0000000020000a68                __lock___sfp_recursive_mutex
                0x0000000020000a6c                . = ALIGN (0x4)
 *fill*         0x0000000020000a69        0x3 
                0x0000000020000a6c                _ebss = .
                0x0000000020000a6c                __bss_end__ = _ebss

._user_heap_stack
                0x0000000020000a6c      0x404 load address 0x00000000080020ec
                0x0000000020000a70                . = ALIGN (0x8)
 *fill*         0x0000000020000a6c        0x4 
                [!provide]                        PROVIDE (end, .)
                [!provide]                        PROVIDE (_end, .)
                0x0000000020000a70                . = (. + _Min_Heap_Size)
                0x0000000020000e70                . = (. + _Min_Stack_Size)
 *fill*         0x0000000020000a70      0x400 
                0x0000000020000e70                . = ALIGN (0x8)

/DISCARD/
 libc.a(*)
 libm.a(*)
 libgcc.a(*)

.ARM.attributes
                0x0000000000000000       0x29
 *(.ARM.attributes)
 .ARM.attributes
                0x0000000000000000       0x1d /home/mdk/Ac6/SystemWorkbench/plugins/fr.ac6.mcu.externaltools.arm-none.linux64_1.15.0.201708311556/tools/compiler/bin/../lib/gcc/arm-none-eabi/6.3.1/thumb/v7-m/crti.o
 .ARM.attributes
                0x000000000000001d       0x2d /home/mdk/Ac6/SystemWorkbench/plugins/fr.ac6.mcu.externaltools.arm-none.linux64_1.15.0.201708311556/tools/compiler/bin/../lib/gcc/arm-none-eabi/6.3.1/thumb/v7-m/crtbegin.o
 .ARM.attributes
                0x000000000000004a       0x33 HAL_Driver/Src/stm32f1xx_hal_cortex.o
 .ARM.attributes
                0x000000000000007d       0x33 HAL_Driver/Src/stm32f1xx_hal_gpio.o
 .ARM.attributes
                0x00000000000000b0       0x33 HAL_Driver/Src/stm32f1xx_hal_tim.o
 .ARM.attributes
                0x00000000000000e3       0x33 src/AES.o
 .ARM.attributes
                0x0000000000000116       0x33 src/main.o
 .ARM.attributes
                0x0000000000000149       0x21 startup/startup_stm32.o
 .ARM.attributes
                0x000000000000016a       0x2d /home/mdk/Ac6/SystemWorkbench/plugins/fr.ac6.mcu.externaltools.arm-none.linux64_1.15.0.201708311556/tools/compiler/bin/../lib/gcc/arm-none-eabi/6.3.1/../../../../arm-none-eabi/lib/thumb/v7-m/libc.a(lib_a-impure.o)
 .ARM.attributes
                0x0000000000000197       0x1b /home/mdk/Ac6/SystemWorkbench/plugins/fr.ac6.mcu.externaltools.arm-none.linux64_1.15.0.201708311556/tools/compiler/bin/../lib/gcc/arm-none-eabi/6.3.1/../../../../arm-none-eabi/lib/thumb/v7-m/libc.a(lib_a-memcpy.o)
 .ARM.attributes
                0x00000000000001b2       0x2d /home/mdk/Ac6/SystemWorkbench/plugins/fr.ac6.mcu.externaltools.arm-none.linux64_1.15.0.201708311556/tools/compiler/bin/../lib/gcc/arm-none-eabi/6.3.1/../../../../arm-none-eabi/lib/thumb/v7-m/libc.a(lib_a-__call_atexit.o)
 .ARM.attributes
                0x00000000000001df       0x2d /home/mdk/Ac6/SystemWorkbench/plugins/fr.ac6.mcu.externaltools.arm-none.linux64_1.15.0.201708311556/tools/compiler/bin/../lib/gcc/arm-none-eabi/6.3.1/../../../../arm-none-eabi/lib/thumb/v7-m/libc.a(lib_a-atexit.o)
 .ARM.attributes
                0x000000000000020c       0x2d /home/mdk/Ac6/SystemWorkbench/plugins/fr.ac6.mcu.externaltools.arm-none.linux64_1.15.0.201708311556/tools/compiler/bin/../lib/gcc/arm-none-eabi/6.3.1/../../../../arm-none-eabi/lib/thumb/v7-m/libc.a(lib_a-fini.o)
 .ARM.attributes
                0x0000000000000239       0x2d /home/mdk/Ac6/SystemWorkbench/plugins/fr.ac6.mcu.externaltools.arm-none.linux64_1.15.0.201708311556/tools/compiler/bin/../lib/gcc/arm-none-eabi/6.3.1/../../../../arm-none-eabi/lib/thumb/v7-m/libc.a(lib_a-lock.o)
 .ARM.attributes
                0x0000000000000266       0x2d /home/mdk/Ac6/SystemWorkbench/plugins/fr.ac6.mcu.externaltools.arm-none.linux64_1.15.0.201708311556/tools/compiler/bin/../lib/gcc/arm-none-eabi/6.3.1/../../../../arm-none-eabi/lib/thumb/v7-m/libc.a(lib_a-__atexit.o)
 .ARM.attributes
                0x0000000000000293       0x1d /home/mdk/Ac6/SystemWorkbench/plugins/fr.ac6.mcu.externaltools.arm-none.linux64_1.15.0.201708311556/tools/compiler/bin/../lib/gcc/arm-none-eabi/6.3.1/thumb/v7-m/crtn.o
OUTPUT(ecryption_and_data_.elf elf32-littlearm)

.debug_info     0x0000000000000000     0x777d
 .debug_info    0x0000000000000000     0x147b HAL_Driver/Src/stm32f1xx_hal_cortex.o
 .debug_info    0x000000000000147b      0xe8b HAL_Driver/Src/stm32f1xx_hal_gpio.o
 .debug_info    0x0000000000002306     0x3656 HAL_Driver/Src/stm32f1xx_hal_tim.o
 .debug_info    0x000000000000595c      0x784 src/AES.o
 .debug_info    0x00000000000060e0     0x1630 src/main.o
 .debug_info    0x0000000000007710       0x6d startup/startup_stm32.o

.debug_abbrev   0x0000000000000000      0xe59
 .debug_abbrev  0x0000000000000000      0x3cb HAL_Driver/Src/stm32f1xx_hal_cortex.o
 .debug_abbrev  0x00000000000003cb      0x2a5 HAL_Driver/Src/stm32f1xx_hal_gpio.o
 .debug_abbrev  0x0000000000000670      0x2eb HAL_Driver/Src/stm32f1xx_hal_tim.o
 .debug_abbrev  0x000000000000095b      0x18c src/AES.o
 .debug_abbrev  0x0000000000000ae7      0x360 src/main.o
 .debug_abbrev  0x0000000000000e47       0x12 startup/startup_stm32.o

.debug_loc      0x0000000000000000     0x46c1
 .debug_loc     0x0000000000000000      0x5ad HAL_Driver/Src/stm32f1xx_hal_cortex.o
 .debug_loc     0x00000000000005ad      0x42d HAL_Driver/Src/stm32f1xx_hal_gpio.o
 .debug_loc     0x00000000000009da     0x34d2 HAL_Driver/Src/stm32f1xx_hal_tim.o
 .debug_loc     0x0000000000003eac      0x68d src/AES.o
 .debug_loc     0x0000000000004539      0x188 src/main.o

.debug_aranges  0x0000000000000000      0x528
 .debug_aranges
                0x0000000000000000       0x90 HAL_Driver/Src/stm32f1xx_hal_cortex.o
 .debug_aranges
                0x0000000000000090       0x58 HAL_Driver/Src/stm32f1xx_hal_gpio.o
 .debug_aranges
                0x00000000000000e8      0x368 HAL_Driver/Src/stm32f1xx_hal_tim.o
 .debug_aranges
                0x0000000000000450       0x78 src/AES.o
 .debug_aranges
                0x00000000000004c8       0x38 src/main.o
 .debug_aranges
                0x0000000000000500       0x28 startup/startup_stm32.o

.debug_ranges   0x0000000000000000      0x530
 .debug_ranges  0x0000000000000000       0xe0 HAL_Driver/Src/stm32f1xx_hal_cortex.o
 .debug_ranges  0x00000000000000e0       0x48 HAL_Driver/Src/stm32f1xx_hal_gpio.o
 .debug_ranges  0x0000000000000128      0x358 HAL_Driver/Src/stm32f1xx_hal_tim.o
 .debug_ranges  0x0000000000000480       0x68 src/AES.o
 .debug_ranges  0x00000000000004e8       0x28 src/main.o
 .debug_ranges  0x0000000000000510       0x20 startup/startup_stm32.o

.debug_macro    0x0000000000000000     0x2a56
 .debug_macro   0x0000000000000000      0x3ab HAL_Driver/Src/stm32f1xx_hal_cortex.o
 .debug_macro   0x00000000000003ab      0x41b HAL_Driver/Src/stm32f1xx_hal_gpio.o
 .debug_macro   0x00000000000007c6      0x3ac HAL_Driver/Src/stm32f1xx_hal_tim.o
 .debug_macro   0x0000000000000b72       0x2d src/AES.o
 .debug_macro   0x0000000000000b9f      0x970 src/AES.o
 .debug_macro   0x000000000000150f      0x3d0 src/main.o
 .debug_macro   0x00000000000018df       0x1c src/main.o
 .debug_macro   0x00000000000018fb      0xb8e src/main.o
 .debug_macro   0x0000000000002489       0x9c src/main.o
 .debug_macro   0x0000000000002525       0x97 src/main.o
 .debug_macro   0x00000000000025bc      0x353 src/main.o
 .debug_macro   0x000000000000290f      0x104 src/main.o
 .debug_macro   0x0000000000002a13       0x43 src/main.o

.debug_line     0x0000000000000000     0x3b87
 .debug_line    0x0000000000000000      0xa90 HAL_Driver/Src/stm32f1xx_hal_cortex.o
 .debug_line    0x0000000000000a90      0xa92 HAL_Driver/Src/stm32f1xx_hal_gpio.o
 .debug_line    0x0000000000001522     0x189b HAL_Driver/Src/stm32f1xx_hal_tim.o
 .debug_line    0x0000000000002dbd      0x37e src/AES.o
 .debug_line    0x000000000000313b      0x9d7 src/main.o
 .debug_line    0x0000000000003b12       0x75 startup/startup_stm32.o

.debug_str      0x0000000000000000    0x81ebb
 .debug_str     0x0000000000000000    0x7ff26 HAL_Driver/Src/stm32f1xx_hal_cortex.o
                                      0x803a3 (size before relaxing)
 .debug_str     0x000000000007ff26      0x3dd HAL_Driver/Src/stm32f1xx_hal_gpio.o
                                      0x800ea (size before relaxing)
 .debug_str     0x0000000000080303     0x1028 HAL_Driver/Src/stm32f1xx_hal_tim.o
                                      0x80e3f (size before relaxing)
 .debug_str     0x000000000008132b      0x717 src/AES.o
                                       0x2b36 (size before relaxing)
 .debug_str     0x0000000000081a42      0x479 src/main.o
                                      0x80b5f (size before relaxing)

.comment        0x0000000000000000       0x7f
 .comment       0x0000000000000000       0x7f HAL_Driver/Src/stm32f1xx_hal_cortex.o
                                         0x80 (size before relaxing)
 .comment       0x000000000000007f       0x80 HAL_Driver/Src/stm32f1xx_hal_gpio.o
 .comment       0x000000000000007f       0x80 HAL_Driver/Src/stm32f1xx_hal_tim.o
 .comment       0x000000000000007f       0x80 src/AES.o
 .comment       0x000000000000007f       0x80 src/main.o

.debug_frame    0x0000000000000000      0xf7c
 .debug_frame   0x0000000000000000      0x12c HAL_Driver/Src/stm32f1xx_hal_cortex.o
 .debug_frame   0x000000000000012c       0xe4 HAL_Driver/Src/stm32f1xx_hal_gpio.o
 .debug_frame   0x0000000000000210      0x9e0 HAL_Driver/Src/stm32f1xx_hal_tim.o
 .debug_frame   0x0000000000000bf0      0x190 src/AES.o
 .debug_frame   0x0000000000000d80       0x68 src/main.o
 .debug_frame   0x0000000000000de8       0x5c /home/mdk/Ac6/SystemWorkbench/plugins/fr.ac6.mcu.externaltools.arm-none.linux64_1.15.0.201708311556/tools/compiler/bin/../lib/gcc/arm-none-eabi/6.3.1/../../../../arm-none-eabi/lib/thumb/v7-m/libc.a(lib_a-__call_atexit.o)
 .debug_frame   0x0000000000000e44       0x20 /home/mdk/Ac6/SystemWorkbench/plugins/fr.ac6.mcu.externaltools.arm-none.linux64_1.15.0.201708311556/tools/compiler/bin/../lib/gcc/arm-none-eabi/6.3.1/../../../../arm-none-eabi/lib/thumb/v7-m/libc.a(lib_a-atexit.o)
 .debug_frame   0x0000000000000e64       0x34 /home/mdk/Ac6/SystemWorkbench/plugins/fr.ac6.mcu.externaltools.arm-none.linux64_1.15.0.201708311556/tools/compiler/bin/../lib/gcc/arm-none-eabi/6.3.1/../../../../arm-none-eabi/lib/thumb/v7-m/libc.a(lib_a-fini.o)
 .debug_frame   0x0000000000000e98       0xb0 /home/mdk/Ac6/SystemWorkbench/plugins/fr.ac6.mcu.externaltools.arm-none.linux64_1.15.0.201708311556/tools/compiler/bin/../lib/gcc/arm-none-eabi/6.3.1/../../../../arm-none-eabi/lib/thumb/v7-m/libc.a(lib_a-lock.o)
 .debug_frame   0x0000000000000f48       0x34 /home/mdk/Ac6/SystemWorkbench/plugins/fr.ac6.mcu.externaltools.arm-none.linux64_1.15.0.201708311556/tools/compiler/bin/../lib/gcc/arm-none-eabi/6.3.1/../../../../arm-none-eabi/lib/thumb/v7-m/libc.a(lib_a-__atexit.o)
