Archive member included to satisfy reference by file (symbol)

/home/mdk/Ac6/SystemWorkbench/plugins/fr.ac6.mcu.externaltools.arm-none.linux64_1.15.0.201708311556/tools/compiler/bin/../lib/gcc/arm-none-eabi/6.3.1/../../../../arm-none-eabi/lib/thumb/v7-m/libstdc++.a(new_op.o)
                              src/main.o (operator new(unsigned int))
/home/mdk/Ac6/SystemWorkbench/plugins/fr.ac6.mcu.externaltools.arm-none.linux64_1.15.0.201708311556/tools/compiler/bin/../lib/gcc/arm-none-eabi/6.3.1/../../../../arm-none-eabi/lib/thumb/v7-m/libstdc++.a(eh_alloc.o)
                              /home/mdk/Ac6/SystemWorkbench/plugins/fr.ac6.mcu.externaltools.arm-none.linux64_1.15.0.201708311556/tools/compiler/bin/../lib/gcc/arm-none-eabi/6.3.1/../../../../arm-none-eabi/lib/thumb/v7-m/libstdc++.a(new_op.o) (__cxa_allocate_exception)
/home/mdk/Ac6/SystemWorkbench/plugins/fr.ac6.mcu.externaltools.arm-none.linux64_1.15.0.201708311556/tools/compiler/bin/../lib/gcc/arm-none-eabi/6.3.1/../../../../arm-none-eabi/lib/thumb/v7-m/libstdc++.a(eh_throw.o)
                              /home/mdk/Ac6/SystemWorkbench/plugins/fr.ac6.mcu.externaltools.arm-none.linux64_1.15.0.201708311556/tools/compiler/bin/../lib/gcc/arm-none-eabi/6.3.1/../../../../arm-none-eabi/lib/thumb/v7-m/libstdc++.a(new_op.o) (__cxa_throw)
/home/mdk/Ac6/SystemWorkbench/plugins/fr.ac6.mcu.externaltools.arm-none.linux64_1.15.0.201708311556/tools/compiler/bin/../lib/gcc/arm-none-eabi/6.3.1/../../../../arm-none-eabi/lib/thumb/v7-m/libstdc++.a(eh_catch.o)
                              /home/mdk/Ac6/SystemWorkbench/plugins/fr.ac6.mcu.externaltools.arm-none.linux64_1.15.0.201708311556/tools/compiler/bin/../lib/gcc/arm-none-eabi/6.3.1/../../../../arm-none-eabi/lib/thumb/v7-m/libstdc++.a(eh_throw.o) (__cxa_begin_catch)
/home/mdk/Ac6/SystemWorkbench/plugins/fr.ac6.mcu.externaltools.arm-none.linux64_1.15.0.201708311556/tools/compiler/bin/../lib/gcc/arm-none-eabi/6.3.1/../../../../arm-none-eabi/lib/thumb/v7-m/libstdc++.a(bad_alloc.o)
                              /home/mdk/Ac6/SystemWorkbench/plugins/fr.ac6.mcu.externaltools.arm-none.linux64_1.15.0.201708311556/tools/compiler/bin/../lib/gcc/arm-none-eabi/6.3.1/../../../../arm-none-eabi/lib/thumb/v7-m/libstdc++.a(new_op.o) (std::bad_alloc::~bad_alloc())
/home/mdk/Ac6/SystemWorkbench/plugins/fr.ac6.mcu.externaltools.arm-none.linux64_1.15.0.201708311556/tools/compiler/bin/../lib/gcc/arm-none-eabi/6.3.1/../../../../arm-none-eabi/lib/thumb/v7-m/libstdc++.a(si_class_type_info.o)
                              /home/mdk/Ac6/SystemWorkbench/plugins/fr.ac6.mcu.externaltools.arm-none.linux64_1.15.0.201708311556/tools/compiler/bin/../lib/gcc/arm-none-eabi/6.3.1/../../../../arm-none-eabi/lib/thumb/v7-m/libstdc++.a(bad_alloc.o) (vtable for __cxxabiv1::__si_class_type_info)
/home/mdk/Ac6/SystemWorkbench/plugins/fr.ac6.mcu.externaltools.arm-none.linux64_1.15.0.201708311556/tools/compiler/bin/../lib/gcc/arm-none-eabi/6.3.1/../../../../arm-none-eabi/lib/thumb/v7-m/libstdc++.a(del_ops.o)
                              src/AES.o (operator delete(void*, unsigned int))
/home/mdk/Ac6/SystemWorkbench/plugins/fr.ac6.mcu.externaltools.arm-none.linux64_1.15.0.201708311556/tools/compiler/bin/../lib/gcc/arm-none-eabi/6.3.1/../../../../arm-none-eabi/lib/thumb/v7-m/libstdc++.a(new_handler.o)
                              /home/mdk/Ac6/SystemWorkbench/plugins/fr.ac6.mcu.externaltools.arm-none.linux64_1.15.0.201708311556/tools/compiler/bin/../lib/gcc/arm-none-eabi/6.3.1/../../../../arm-none-eabi/lib/thumb/v7-m/libstdc++.a(new_op.o) (std::get_new_handler())
/home/mdk/Ac6/SystemWorkbench/plugins/fr.ac6.mcu.externaltools.arm-none.linux64_1.15.0.201708311556/tools/compiler/bin/../lib/gcc/arm-none-eabi/6.3.1/../../../../arm-none-eabi/lib/thumb/v7-m/libstdc++.a(eh_personality.o)
                              /home/mdk/Ac6/SystemWorkbench/plugins/fr.ac6.mcu.externaltools.arm-none.linux64_1.15.0.201708311556/tools/compiler/bin/../lib/gcc/arm-none-eabi/6.3.1/../../../../arm-none-eabi/lib/thumb/v7-m/libstdc++.a(eh_catch.o) (__gxx_personality_v0)
/home/mdk/Ac6/SystemWorkbench/plugins/fr.ac6.mcu.externaltools.arm-none.linux64_1.15.0.201708311556/tools/compiler/bin/../lib/gcc/arm-none-eabi/6.3.1/../../../../arm-none-eabi/lib/thumb/v7-m/libstdc++.a(eh_terminate.o)
                              /home/mdk/Ac6/SystemWorkbench/plugins/fr.ac6.mcu.externaltools.arm-none.linux64_1.15.0.201708311556/tools/compiler/bin/../lib/gcc/arm-none-eabi/6.3.1/../../../../arm-none-eabi/lib/thumb/v7-m/libstdc++.a(eh_throw.o) (__cxxabiv1::__terminate(void (*)()))
/home/mdk/Ac6/SystemWorkbench/plugins/fr.ac6.mcu.externaltools.arm-none.linux64_1.15.0.201708311556/tools/compiler/bin/../lib/gcc/arm-none-eabi/6.3.1/../../../../arm-none-eabi/lib/thumb/v7-m/libstdc++.a(del_op.o)
[...]
Memory Configuration

Name             Origin             Length             Attributes
RAM              0x0000000020000000 0x0000000000005000 xrw
ROM              0x0000000008000000 0x0000000000010000 xr
*default*        0x0000000000000000 0xffffffffffffffff

Linker script and memory map

LOAD /home/mdk/Ac6/SystemWorkbench/plugins/fr.ac6.mcu.externaltools.arm-none.linux64_1.15.0.201708311556/tools/compiler/bin/../lib/gcc/arm-none-eabi/6.3.1/thumb/v7-m/crti.o
LOAD /home/mdk/Ac6/SystemWorkbench/plugins/fr.ac6.mcu.externaltools.arm-none.linux64_1.15.0.201708311556/tools/compiler/bin/../lib/gcc/arm-none-eabi/6.3.1/thumb/v7-m/crtbegin.o
LOAD /home/mdk/Ac6/SystemWorkbench/plugins/fr.ac6.mcu.externaltools.arm-none.linux64_1.15.0.201708311556/tools/compiler/bin/../lib/gcc/arm-none-eabi/6.3.1/../../../../arm-none-eabi/lib/thumb/v7-m/crt0.o
LOAD HAL_Driver/Src/stm32f1xx_hal.o
LOAD HAL_Driver/Src/stm32f1xx_hal_adc.o
LOAD HAL_Driver/Src/stm32f1xx_hal_adc_ex.o
LOAD HAL_Driver/Src/stm32f1xx_hal_can.o
LOAD HAL_Driver/Src/stm32f1xx_hal_cec.o
LOAD HAL_Driver/Src/stm32f1xx_hal_cortex.o
LOAD HAL_Driver/Src/stm32f1xx_hal_crc.o
LOAD HAL_Driver/Src/stm32f1xx_hal_dac.o
LOAD HAL_Driver/Src/stm32f1xx_hal_dac_ex.o
LOAD HAL_Driver/Src/stm32f1xx_hal_dma.o
LOAD HAL_Driver/Src/stm32f1xx_hal_eth.o
LOAD HAL_Driver/Src/stm32f1xx_hal_flash.o
LOAD HAL_Driver/Src/stm32f1xx_hal_flash_ex.o
LOAD HAL_Driver/Src/stm32f1xx_hal_gpio.o
LOAD HAL_Driver/Src/stm32f1xx_hal_gpio_ex.o
LOAD HAL_Driver/Src/stm32f1xx_hal_hcd.o
LOAD HAL_Driver/Src/stm32f1xx_hal_i2c.o
LOAD HAL_Driver/Src/stm32f1xx_hal_i2s.o
LOAD HAL_Driver/Src/stm32f1xx_hal_irda.o
LOAD HAL_Driver/Src/stm32f1xx_hal_iwdg.o
LOAD HAL_Driver/Src/stm32f1xx_hal_mmc.o
LOAD HAL_Driver/Src/stm32f1xx_hal_msp_template.o
LOAD HAL_Driver/Src/stm32f1xx_hal_nand.o
LOAD HAL_Driver/Src/stm32f1xx_hal_nor.o
LOAD HAL_Driver/Src/stm32f1xx_hal_pccard.o
LOAD HAL_Driver/Src/stm32f1xx_hal_pcd.o
LOAD HAL_Driver/Src/stm32f1xx_hal_pcd_ex.o
LOAD HAL_Driver/Src/stm32f1xx_hal_pwr.o
LOAD HAL_Driver/Src/stm32f1xx_hal_rcc.o
LOAD HAL_Driver/Src/stm32f1xx_hal_rcc_ex.o
LOAD HAL_Driver/Src/stm32f1xx_hal_rtc.o
LOAD HAL_Driver/Src/stm32f1xx_hal_rtc_ex.o
LOAD HAL_Driver/Src/stm32f1xx_hal_sd.o
LOAD HAL_Driver/Src/stm32f1xx_hal_smartcard.o
LOAD HAL_Driver/Src/stm32f1xx_hal_spi.o
LOAD HAL_Driver/Src/stm32f1xx_hal_spi_ex.o
LOAD HAL_Driver/Src/stm32f1xx_hal_sram.o
LOAD HAL_Driver/Src/stm32f1xx_hal_tim.o
LOAD HAL_Driver/Src/stm32f1xx_hal_tim_ex.o
LOAD HAL_Driver/Src/stm32f1xx_hal_uart.o
LOAD HAL_Driver/Src/stm32f1xx_hal_usart.o
LOAD HAL_Driver/Src/stm32f1xx_hal_wwdg.o
LOAD HAL_Driver/Src/stm32f1xx_ll_adc.o
LOAD HAL_Driver/Src/stm32f1xx_ll_crc.o
LOAD HAL_Driver/Src/stm32f1xx_ll_dac.o
LOAD HAL_Driver/Src/stm32f1xx_ll_dma.o
LOAD HAL_Driver/Src/stm32f1xx_ll_exti.o
LOAD HAL_Driver/Src/stm32f1xx_ll_fsmc.o
LOAD HAL_Driver/Src/stm32f1xx_ll_gpio.o
LOAD HAL_Driver/Src/stm32f1xx_ll_i2c.o
LOAD HAL_Driver/Src/stm32f1xx_ll_pwr.o
LOAD HAL_Driver/Src/stm32f1xx_ll_rcc.o
LOAD HAL_Driver/Src/stm32f1xx_ll_rtc.o
LOAD HAL_Driver/Src/stm32f1xx_ll_sdmmc.o
LOAD HAL_Driver/Src/stm32f1xx_ll_spi.o
LOAD HAL_Driver/Src/stm32f1xx_ll_tim.o
LOAD HAL_Driver/Src/stm32f1xx_ll_usart.o
LOAD HAL_Driver/Src/stm32f1xx_ll_usb.o
LOAD HAL_Driver/Src/stm32f1xx_ll_utils.o
LOAD src/AES.o
LOAD src/main.o
LOAD startup/startup_stm32.o
LOAD /home/mdk/Ac6/SystemWorkbench/plugins/fr.ac6.mcu.externaltools.arm-none.linux64_1.15.0.201708311556/tools/compiler/bin/../lib/gcc/arm-none-eabi/6.3.1/../../../../arm-none-eabi/lib/thumb/v7-m/libstdc++.a
LOAD /home/mdk/Ac6/SystemWorkbench/plugins/fr.ac6.mcu.externaltools.arm-none.linux64_1.15.0.201708311556/tools/compiler/bin/../lib/gcc/arm-none-eabi/6.3.1/../../../../arm-none-eabi/lib/thumb/v7-m/libm.a
START GROUP
LOAD /home/mdk/Ac6/SystemWorkbench/plugins/fr.ac6.mcu.externaltools.arm-none.linux64_1.15.0.201708311556/tools/compiler/bin/../lib/gcc/arm-none-eabi/6.3.1/thumb/v7-m/libgcc.a
LOAD /home/mdk/Ac6/SystemWorkbench/plugins/fr.ac6.mcu.externaltools.arm-none.linux64_1.15.0.201708311556/tools/compiler/bin/../lib/gcc/arm-none-eabi/6.3.1/../../../../arm-none-eabi/lib/thumb/v7-m/libc.a
END GROUP
LOAD /home/mdk/Ac6/SystemWorkbench/plugins/fr.ac6.mcu.externaltools.arm-none.linux64_1.15.0.201708311556/tools/compiler/bin/../lib/gcc/arm-none-eabi/6.3.1/thumb/v7-m/crtend.o
LOAD /home/mdk/Ac6/SystemWorkbench/plugins/fr.ac6.mcu.externaltools.arm-none.linux64_1.15.0.201708311556/tools/compiler/bin/../lib/gcc/arm-none-eabi/6.3.1/thumb/v7-m/crtn.o
                0x0000000020005000                _estack = 0x20005000
                0x0000000000000000                _Min_Heap_Size = 0x0
                0x0000000000000400                _Min_Stack_Size = 0x400

.isr_vector     0x0000000008000000      0x10c
                0x0000000008000000                . = ALIGN (0x4)
 *(.isr_vector)
 .isr_vector    0x0000000008000000      0x10c startup/startup_stm32.o
                0x0000000008000000                g_pfnVectors
                0x000000000800010c                . = ALIGN (0x4)

.text           0x0000000008000110     0xef38
                0x0000000008000110                . = ALIGN (0x4)
 *(.text)
 .text          0x0000000008000110       0x6c /home/mdk/Ac6/SystemWorkbench/plugins/fr.ac6.mcu.externaltools.arm-none.linux64_1.15.0.201708311556/tools/compiler/bin/../lib/gcc/arm-none-eabi/6.3.1/thumb/v7-m/crtbegin.o
 .text          0x000000000800017c     0x6698 /home/mdk/Ac6/SystemWorkbench/plugins/fr.ac6.mcu.externaltools.arm-none.linux64_1.15.0.201708311556/tools/compiler/bin/../lib/gcc/arm-none-eabi/6.3.1/../../../../arm-none-eabi/lib/thumb/v7-m/libstdc++.a(cp-demangle.o)
                0x0000000008006738                __cxa_demangle
                0x00000000080067f0                __gcclibcxx_demangle_callback
 .text          0x0000000008006814      0x9dc /home/mdk/Ac6/SystemWorkbench/plugins/fr.ac6.mcu.externaltools.arm-none.linux64_1.15.0.201708311556/tools/compiler/bin/../lib/gcc/arm-none-eabi/6.3.1/thumb/v7-m/libgcc.a(unwind-arm.o)
                0x0000000008006ad8                _Unwind_GetCFA
                0x0000000008006adc                __gnu_Unwind_RaiseException
                0x0000000008006b3c                __gnu_Unwind_ForcedUnwind
                0x0000000008006b50                __gnu_Unwind_Resume
                0x0000000008006b94                __gnu_Unwind_Resume_or_Rethrow
                0x0000000008006ba8                _Unwind_Complete
                0x0000000008006bac                _Unwind_DeleteException
                0x0000000008006bb8                _Unwind_VRS_Get
                0x0000000008006c04                _Unwind_VRS_Set
                0x0000000008006c54                __gnu_Unwind_Backtrace
                0x0000000008006f98                __aeabi_unwind_cpp_pr0
                0x0000000008006f9c                __aeabi_unwind_cpp_pr1
                0x0000000008006fa0                __aeabi_unwind_cpp_pr2
                0x0000000008006fa4                _Unwind_VRS_Pop
 .text          0x00000000080071f0      0x1ac /home/mdk/Ac6/SystemWorkbench/plugins/fr.ac6.mcu.externaltools.arm-none.linux64_1.15.0.201708311556/tools/compiler/bin/../lib/gcc/arm-none-eabi/6.3.1/thumb/v7-m/libgcc.a(libunwind.o)
                0x00000000080071f0                __restore_core_regs
                0x00000000080071f0                restore_core_regs
                0x0000000008007208                __gnu_Unwind_Restore_VFP
                0x0000000008007210                __gnu_Unwind_Save_VFP
                0x0000000008007218                __gnu_Unwind_Restore_VFP_D
                0x0000000008007220                __gnu_Unwind_Save_VFP_D
                0x0000000008007228                __gnu_Unwind_Restore_VFP_D_16_to_31
                0x0000000008007230                __gnu_Unwind_Save_VFP_D_16_to_31
                0x0000000008007238                __gnu_Unwind_Restore_WMMXD
                0x000000000800727c                __gnu_Unwind_Save_WMMXD
                0x00000000080072c0                __gnu_Unwind_Restore_WMMXC
                0x00000000080072d4                __gnu_Unwind_Save_WMMXC
                0x00000000080072e8                ___Unwind_RaiseException
                0x00000000080072e8                _Unwind_RaiseException
                0x000000000800730c                ___Unwind_Resume
                0x000000000800730c                _Unwind_Resume
                0x0000000008007330                _Unwind_Resume_or_Rethrow
                0x0000000008007330                ___Unwind_Resume_or_Rethrow
                0x0000000008007354                ___Unwind_ForcedUnwind
                0x0000000008007354                _Unwind_ForcedUnwind
                0x0000000008007378                _Unwind_Backtrace
                0x0000000008007378                ___Unwind_Backtrace
 .text          0x000000000800739c      0x384 /home/mdk/Ac6/SystemWorkbench/plugins/fr.ac6.mcu.externaltools.arm-none.linux64_1.15.0.201708311556/tools/compiler/bin/../lib/gcc/arm-none-eabi/6.3.1/thumb/v7-m/libgcc.a(pr-support.o)
                0x00000000080073f4                __gnu_unwind_execute
                0x00000000080076c4                __gnu_unwind_frame
                0x00000000080076f0                _Unwind_GetRegionStart
                0x00000000080076fc                _Unwind_GetLanguageSpecificData
                0x0000000008007710                _Unwind_GetTextRelBase
                0x0000000008007718                _Unwind_GetDataRelBase
 .text          0x0000000008007720       0xec /home/mdk/Ac6/SystemWorkbench/plugins/fr.ac6.mcu.externaltools.arm-none.linux64_1.15.0.201708311556/tools/compiler/bin/../lib/gcc/arm-none-eabi/6.3.1/../../../../arm-none-eabi/lib/thumb/v7-m/libc.a(lib_a-memcpy.o)
                0x0000000008007720                memcpy
 .text          0x000000000800780c      0x1bc /home/mdk/Ac6/SystemWorkbench/plugins/fr.ac6.mcu.externaltools.arm-none.linux64_1.15.0.201708311556/tools/compiler/bin/../lib/gcc/arm-none-eabi/6.3.1/../../../../arm-none-eabi/lib/thumb/v7-m/libc.a(lib_a-strcmp.o)
                0x000000000800780c                strcmp
 .text          0x00000000080079c8      0x370 /home/mdk/Ac6/SystemWorkbench/plugins/fr.ac6.mcu.externaltools.arm-none.linux64_1.15.0.201708311556/tools/compiler/bin/../lib/gcc/arm-none-eabi/6.3.1/thumb/v7-m/libgcc.a(_arm_addsubdf3.o)
                0x00000000080079c8                __aeabi_drsub
                0x00000000080079d0                __aeabi_dsub
                0x00000000080079d0                __subdf3
                0x00000000080079d4                __adddf3
                0x00000000080079d4                __aeabi_dadd
                0x0000000008007c4c                __aeabi_ui2d
                0x0000000008007c4c                __floatunsidf
                0x0000000008007c6c                __floatsidf
                0x0000000008007c6c                __aeabi_i2d
                0x0000000008007c90                __extendsfdf2
                0x0000000008007c90                __aeabi_f2d
                0x0000000008007ccc                __aeabi_ul2d
                0x0000000008007ccc                __floatundidf
                0x0000000008007cdc                __floatdidf
                0x0000000008007cdc                __aeabi_l2d
 .text          0x0000000008007d38      0x424 /home/mdk/Ac6/SystemWorkbench/plugins/fr.ac6.mcu.externaltools.arm-none.linux64_1.15.0.201708311556/tools/compiler/bin/../lib/gcc/arm-none-eabi/6.3.1/thumb/v7-m/libgcc.a(_arm_muldivdf3.o)
                0x0000000008007d38                __aeabi_dmul
                0x0000000008007d38                __muldf3
                0x0000000008007f8c                __aeabi_ddiv
                0x0000000008007f8c                __divdf3
 .text          0x000000000800815c      0x110 /home/mdk/Ac6/SystemWorkbench/plugins/fr.ac6.mcu.externaltools.arm-none.linux64_1.15.0.201708311556/tools/compiler/bin/../lib/gcc/arm-none-eabi/6.3.1/thumb/v7-m/libgcc.a(_arm_cmpdf2.o)
                0x000000000800815c                __gtdf2
                0x000000000800815c                __gedf2
                0x0000000008008164                __ltdf2
                0x0000000008008164                __ledf2
                0x000000000800816c                __cmpdf2
                0x000000000800816c                __eqdf2
                0x000000000800816c                __nedf2
                0x00000000080081e8                __aeabi_cdrcmple
                0x00000000080081f8                __aeabi_cdcmple
                0x00000000080081f8                __aeabi_cdcmpeq
                0x0000000008008208                __aeabi_dcmpeq
                0x000000000800821c                __aeabi_dcmplt
                0x0000000008008230                __aeabi_dcmple
                0x0000000008008244                __aeabi_dcmpge
                0x0000000008008258                __aeabi_dcmpgt
 .text          0x000000000800826c       0x2c /home/mdk/Ac6/SystemWorkbench/plugins/fr.ac6.mcu.externaltools.arm-none.linux64_1.15.0.201708311556/tools/compiler/bin/../lib/gcc/arm-none-eabi/6.3.1/thumb/v7-m/libgcc.a(_arm_unorddf2.o)
                0x000000000800826c                __aeabi_dcmpun
                0x000000000800826c                __unorddf2
 .text          0x0000000008008298       0x50 /home/mdk/Ac6/SystemWorkbench/plugins/fr.ac6.mcu.externaltools.arm-none.linux64_1.15.0.201708311556/tools/compiler/bin/../lib/gcc/arm-none-eabi/6.3.1/thumb/v7-m/libgcc.a(_arm_fixdfsi.o)
                0x0000000008008298                __fixdfsi
                0x0000000008008298                __aeabi_d2iz
 .text          0x00000000080082e8       0x30 /home/mdk/Ac6/SystemWorkbench/plugins/fr.ac6.mcu.externaltools.arm-none.linux64_1.15.0.201708311556/tools/compiler/bin/../lib/gcc/arm-none-eabi/6.3.1/thumb/v7-m/libgcc.a(_aeabi_uldivmod.o)
                0x00000000080082e8                __aeabi_uldivmod
 .text          0x0000000008008318      0x2dc /home/mdk/Ac6/SystemWorkbench/plugins/fr.ac6.mcu.externaltools.arm-none.linux64_1.15.0.201708311556/tools/compiler/bin/../lib/gcc/arm-none-eabi/6.3.1/thumb/v7-m/libgcc.a(_udivmoddi4.o)
                0x0000000008008318                __udivmoddi4
 .text          0x00000000080085f4        0x4 /home/mdk/Ac6/SystemWorkbench/plugins/fr.ac6.mcu.externaltools.arm-none.linux64_1.15.0.201708311556/tools/compiler/bin/../lib/gcc/arm-none-eabi/6.3.1/thumb/v7-m/libgcc.a(_dvmd_tls.o)
                0x00000000080085f4                __aeabi_ldiv0
                0x00000000080085f4                __aeabi_idiv0
 *(.text*)
 .text.HAL_NVIC_SetPriority
                0x00000000080085f8       0x6c HAL_Driver/Src/stm32f1xx_hal_cortex.o
                0x00000000080085f8                HAL_NVIC_SetPriority
 .text.HAL_NVIC_EnableIRQ
                0x0000000008008664       0x18 HAL_Driver/Src/stm32f1xx_hal_cortex.o
                0x0000000008008664                HAL_NVIC_EnableIRQ
 .text.HAL_GPIO_Init
                0x000000000800867c      0x200 HAL_Driver/Src/stm32f1xx_hal_gpio.o
                0x000000000800867c                HAL_GPIO_Init
 .text.HAL_GPIO_WritePin
                0x000000000800887c        0x8 HAL_Driver/Src/stm32f1xx_hal_gpio.o
                0x000000000800887c                HAL_GPIO_WritePin
 .text.HAL_GPIO_TogglePin
                0x0000000008008884        0x8 HAL_Driver/Src/stm32f1xx_hal_gpio.o
                0x0000000008008884                HAL_GPIO_TogglePin
 .text.HAL_TIM_Base_MspInit
                0x000000000800888c        0x4 HAL_Driver/Src/stm32f1xx_hal_tim.o
                0x000000000800888c                HAL_TIM_Base_MspInit
 .text.HAL_TIM_Base_Init
                0x0000000008008890       0xa4 HAL_Driver/Src/stm32f1xx_hal_tim.o
                0x0000000008008890                HAL_TIM_Base_Init
 .text._ZN3AESD2Ev
                0x0000000008008934        0x4 src/AES.o
                0x0000000008008934                AES::~AES()
                0x0000000008008934                AES::~AES()
 .text._ZN3AESD0Ev
                0x0000000008008938       0x10 src/AES.o
                0x0000000008008938                AES::~AES()
 .text._ZN3AES14get_SBox_ValueEi.constprop.1
                0x0000000008008948       0x24 src/AES.o
 .text._ZN3AESC2Ev
                0x000000000800896c       0x10 src/AES.o
                0x000000000800896c                AES::AES()
                0x000000000800896c                AES::AES()
 .text._ZN3AES11Expand_KeysEv
                0x000000000800897c      0x118 src/AES.o
                0x000000000800897c                AES::Expand_Keys()
 .text._ZN3AES7EncryptEPhS0_i
                0x0000000008008a94      0x850 src/AES.o
                0x0000000008008a94                AES::Encrypt(unsigned char*, unsigned char*, int)
 .text._Z10clocksInitv
                0x00000000080092e4       0x9c src/main.o
                0x00000000080092e4                clocksInit()
 .text.startup.main
                0x0000000008009380      0x130 src/main.o
                0x0000000008009380                main
 .text.TIM4_IRQHandler
                0x00000000080094b0       0x2c src/main.o
                0x00000000080094b0                TIM4_IRQHandler
 .text.Reset_Handler
                0x00000000080094dc       0x40 startup/startup_stm32.o
                0x00000000080094dc                Reset_Handler
 .text.Default_Handler
                0x000000000800951c        0x2 startup/startup_stm32.o
                0x000000000800951c                EXTI2_IRQHandler
                0x000000000800951c                DebugMon_Handler
                0x000000000800951c                TIM1_CC_IRQHandler
                0x000000000800951c                HardFault_Handler
                0x000000000800951c                SysTick_Handler
                0x000000000800951c                PVD_IRQHandler
                0x000000000800951c                PendSV_Handler
                0x000000000800951c                NMI_Handler
                0x000000000800951c                EXTI3_IRQHandler
                0x000000000800951c                EXTI0_IRQHandler
                0x000000000800951c                I2C2_EV_IRQHandler
                0x000000000800951c                UsageFault_Handler
                0x000000000800951c                ADC1_2_IRQHandler
                0x000000000800951c                SPI1_IRQHandler
                0x000000000800951c                TAMPER_IRQHandler
                0x000000000800951c                DMA1_Channel4_IRQHandler
                0x000000000800951c                USART3_IRQHandler
                0x000000000800951c                RTC_IRQHandler
                0x000000000800951c                DMA1_Channel7_IRQHandler
                0x000000000800951c                CAN1_RX1_IRQHandler
                0x000000000800951c                I2C1_EV_IRQHandler
                0x000000000800951c                DMA1_Channel6_IRQHandler
                0x000000000800951c                TIM3_IRQHandler
                0x000000000800951c                RCC_IRQHandler
                0x000000000800951c                TIM1_TRG_COM_IRQHandler
                0x000000000800951c                DMA1_Channel1_IRQHandler
                0x000000000800951c                Default_Handler
                0x000000000800951c                EXTI15_10_IRQHandler
                0x000000000800951c                EXTI9_5_IRQHandler
                0x000000000800951c                SPI2_IRQHandler
                0x000000000800951c                MemManage_Handler
                0x000000000800951c                SVC_Handler
                0x000000000800951c                DMA1_Channel5_IRQHandler
                0x000000000800951c                EXTI4_IRQHandler
                0x000000000800951c                USB_LP_CAN1_RX0_IRQHandler
                0x000000000800951c                USB_HP_CAN1_TX_IRQHandler
                0x000000000800951c                DMA1_Channel3_IRQHandler
                0x000000000800951c                TIM1_UP_IRQHandler
                0x000000000800951c                WWDG_IRQHandler
                0x000000000800951c                TIM2_IRQHandler
                0x000000000800951c                TIM1_BRK_IRQHandler
                0x000000000800951c                EXTI1_IRQHandler
                0x000000000800951c                RTCAlarm_IRQHandler
                0x000000000800951c                USART2_IRQHandler
                0x000000000800951c                I2C2_ER_IRQHandler
                0x000000000800951c                DMA1_Channel2_IRQHandler
                0x000000000800951c                CAN1_SCE_IRQHandler
                0x000000000800951c                FLASH_IRQHandler
                0x000000000800951c                BusFault_Handler
                0x000000000800951c                USART1_IRQHandler
                0x000000000800951c                I2C1_ER_IRQHandler
                0x000000000800951c                USBWakeUp_IRQHandler
 *fill*         0x000000000800951e        0x2 
 .text._Znwj    0x0000000008009520       0x3c /home/mdk/Ac6/SystemWorkbench/plugins/fr.ac6.mcu.externaltools.arm-none.linux64_1.15.0.201708311556/tools/compiler/bin/../lib/gcc/arm-none-eabi/6.3.1/../../../../arm-none-eabi/lib/thumb/v7-m/libstdc++.a(new_op.o)
                0x0000000008009520                operator new(unsigned int)
 .text._ZN12_GLOBAL__N_14pool4freeEPv.constprop.4
                0x000000000800955c       0x7c /home/mdk/Ac6/SystemWorkbench/plugins/fr.ac6.mcu.externaltools.arm-none.linux64_1.15.0.201708311556/tools/compiler/bin/../lib/gcc/arm-none-eabi/6.3.1/../../../../arm-none-eabi/lib/thumb/v7-m/libstdc++.a(eh_alloc.o)
 .text._ZN12_GLOBAL__N_14pool8allocateEj.constprop.5
                0x00000000080095d8       0x68 /home/mdk/Ac6/SystemWorkbench/plugins/fr.ac6.mcu.externaltools.arm-none.linux64_1.15.0.201708311556/tools/compiler/bin/../lib/gcc/arm-none-eabi/6.3.1/../../../../arm-none-eabi/lib/thumb/v7-m/libstdc++.a(eh_alloc.o)
 .text.__cxa_allocate_exception
                0x0000000008009640       0x30 /home/mdk/Ac6/SystemWorkbench/plugins/fr.ac6.mcu.externaltools.arm-none.linux64_1.15.0.201708311556/tools/compiler/bin/../lib/gcc/arm-none-eabi/6.3.1/../../../../arm-none-eabi/lib/thumb/v7-m/libstdc++.a(eh_alloc.o)
                0x0000000008009640                __cxa_allocate_exception
 .text.__cxa_free_exception
                0x0000000008009670       0x20 /home/mdk/Ac6/SystemWorkbench/plugins/fr.ac6.mcu.externaltools.arm-none.linux64_1.15.0.201708311556/tools/compiler/bin/../lib/gcc/arm-none-eabi/6.3.1/../../../../arm-none-eabi/lib/thumb/v7-m/libstdc++.a(eh_alloc.o)
                0x0000000008009670                __cxa_free_exception
 .text.startup._GLOBAL__sub_I__ZN9__gnu_cxx9__freeresEv
                0x0000000008009690       0x28 /home/mdk/Ac6/SystemWorkbench/plugins/fr.ac6.mcu.externaltools.arm-none.linux64_1.15.0.201708311556/tools/compiler/bin/../lib/gcc/arm-none-eabi/6.3.1/../../../../arm-none-eabi/lib/thumb/v7-m/libstdc++.a(eh_alloc.o)
 .text._ZL23__gxx_exception_cleanup19_Unwind_Reason_CodeP21_Unwind_Control_Block
                0x00000000080096b8       0x44 /home/mdk/Ac6/SystemWorkbench/plugins/fr.ac6.mcu.externaltools.arm-none.linux64_1.15.0.201708311556/tools/compiler/bin/../lib/gcc/arm-none-eabi/6.3.1/../../../../arm-none-eabi/lib/thumb/v7-m/libstdc++.a(eh_throw.o)
 .text.__cxa_throw
                0x00000000080096fc       0x80 /home/mdk/Ac6/SystemWorkbench/plugins/fr.ac6.mcu.externaltools.arm-none.linux64_1.15.0.201708311556/tools/compiler/bin/../lib/gcc/arm-none-eabi/6.3.1/../../../../arm-none-eabi/lib/thumb/v7-m/libstdc++.a(eh_throw.o)
                0x00000000080096fc                __cxa_throw
 .text.__cxa_rethrow
                0x000000000800977c       0x70 /home/mdk/Ac6/SystemWorkbench/plugins/fr.ac6.mcu.externaltools.arm-none.linux64_1.15.0.201708311556/tools/compiler/bin/../lib/gcc/arm-none-eabi/6.3.1/../../../../arm-none-eabi/lib/thumb/v7-m/libstdc++.a(eh_throw.o)
                0x000000000800977c                __cxa_rethrow
 .text.__cxa_begin_catch
                0x00000000080097ec       0x80 /home/mdk/Ac6/SystemWorkbench/plugins/fr.ac6.mcu.externaltools.arm-none.linux64_1.15.0.201708311556/tools/compiler/bin/../lib/gcc/arm-none-eabi/6.3.1/../../../../arm-none-eabi/lib/thumb/v7-m/libstdc++.a(eh_catch.o)
                0x00000000080097ec                __cxa_begin_catch
 .text.__cxa_end_catch
                0x000000000800986c       0x8c /home/mdk/Ac6/SystemWorkbench/plugins/fr.ac6.mcu.externaltools.arm-none.linux64_1.15.0.201708311556/tools/compiler/bin/../lib/gcc/arm-none-eabi/6.3.1/../../../../arm-none-eabi/lib/thumb/v7-m/libstdc++.a(eh_catch.o)
                0x000000000800986c                __cxa_end_catch
 .text._ZNKSt9bad_alloc4whatEv
                0x00000000080098f8        0x8 /home/mdk/Ac6/SystemWorkbench/plugins/fr.ac6.mcu.externaltools.arm-none.linux64_1.15.0.201708311556/tools/compiler/bin/../lib/gcc/arm-none-eabi/6.3.1/../../../../arm-none-eabi/lib/thumb/v7-m/libstdc++.a(bad_alloc.o)
                0x00000000080098f8                std::bad_alloc::what() const
 .text._ZNSt9bad_allocD2Ev
                0x0000000008009900       0x14 /home/mdk/Ac6/SystemWorkbench/plugins/fr.ac6.mcu.externaltools.arm-none.linux64_1.15.0.201708311556/tools/compiler/bin/../lib/gcc/arm-none-eabi/6.3.1/../../../../arm-none-eabi/lib/thumb/v7-m/libstdc++.a(bad_alloc.o)
                0x0000000008009900                std::bad_alloc::~bad_alloc()
                0x0000000008009900                std::bad_alloc::~bad_alloc()
 .text._ZNSt9bad_allocD0Ev
                0x0000000008009914       0x1c /home/mdk/Ac6/SystemWorkbench/plugins/fr.ac6.mcu.externaltools.arm-none.linux64_1.15.0.201708311556/tools/compiler/bin/../lib/gcc/arm-none-eabi/6.3.1/../../../../arm-none-eabi/lib/thumb/v7-m/libstdc++.a(bad_alloc.o)
                0x0000000008009914                std::bad_alloc::~bad_alloc()
 .text._ZN10__cxxabiv120__si_class_type_infoD2Ev
                0x0000000008009930       0x14 /home/mdk/Ac6/SystemWorkbench/plugins/fr.ac6.mcu.externaltools.arm-none.linux64_1.15.0.201708311556/tools/compiler/bin/../lib/gcc/arm-none-eabi/6.3.1/../../../../arm-none-eabi/lib/thumb/v7-m/libstdc++.a(si_class_type_info.o)
                0x0000000008009930                __cxxabiv1::__si_class_type_info::~__si_class_type_info()
                0x0000000008009930                __cxxabiv1::__si_class_type_info::~__si_class_type_info()
 .text._ZN10__cxxabiv120__si_class_type_infoD0Ev
                0x0000000008009944       0x1c /home/mdk/Ac6/SystemWorkbench/plugins/fr.ac6.mcu.externaltools.arm-none.linux64_1.15.0.201708311556/tools/compiler/bin/../lib/gcc/arm-none-eabi/6.3.1/../../../../arm-none-eabi/lib/thumb/v7-m/libstdc++.a(si_class_type_info.o)
                0x0000000008009944                __cxxabiv1::__si_class_type_info::~__si_class_type_info()
 .text._ZNK10__cxxabiv120__si_class_type_info20__do_find_public_srcEiPKvPKNS_17__class_type_infoES2_
                0x0000000008009960       0x3c /home/mdk/Ac6/SystemWorkbench/plugins/fr.ac6.mcu.externaltools.arm-none.linux64_1.15.0.201708311556/tools/compiler/bin/../lib/gcc/arm-none-eabi/6.3.1/../../../../arm-none-eabi/lib/thumb/v7-m/libstdc++.a(si_class_type_info.o)
                0x0000000008009960                __cxxabiv1::__si_class_type_info::__do_find_public_src(int, void const*, __cxxabiv1::__class_type_info const*, void const*) const
 .text._ZNK10__cxxabiv120__si_class_type_info12__do_dyncastEiNS_17__class_type_info10__sub_kindEPKS1_PKvS4_S6_RNS1_16__dyncast_resultE
                0x000000000800999c       0x98 /home/mdk/Ac6/SystemWorkbench/plugins/fr.ac6.mcu.externaltools.arm-none.linux64_1.15.0.201708311556/tools/compiler/bin/../lib/gcc/arm-none-eabi/6.3.1/../../../../arm-none-eabi/lib/thumb/v7-m/libstdc++.a(si_class_type_info.o)
                0x000000000800999c                __cxxabiv1::__si_class_type_info::__do_dyncast(int, __cxxabiv1::__class_type_info::__sub_kind, __cxxabiv1::__class_type_info const*, void const*, __cxxabiv1::__class_type_info const*, void const*, __cxxabiv1::__class_type_info::__dyncast_result&) const
 .text._ZNK10__cxxabiv120__si_class_type_info11__do_upcastEPKNS_17__class_type_infoEPKvRNS1_15__upcast_resultE
                0x0000000008009a34       0x2c /home/mdk/Ac6/SystemWorkbench/plugins/fr.ac6.mcu.externaltools.arm-none.linux64_1.15.0.201708311556/tools/compiler/bin/../lib/gcc/arm-none-eabi/6.3.1/../../../../arm-none-eabi/lib/thumb/v7-m/libstdc++.a(si_class_type_info.o)
                0x0000000008009a34                __cxxabiv1::__si_class_type_info::__do_upcast(__cxxabiv1::__class_type_info const*, void const*, __cxxabiv1::__class_type_info::__upcast_result&) const
 .text._ZdlPvj  0x0000000008009a60        0x4 /home/mdk/Ac6/SystemWorkbench/plugins/fr.ac6.mcu.externaltools.arm-none.linux64_1.15.0.201708311556/tools/compiler/bin/../lib/gcc/arm-none-eabi/6.3.1/../../../../arm-none-eabi/lib/thumb/v7-m/libstdc++.a(del_ops.o)
                0x0000000008009a60                operator delete(void*, unsigned int)
 .text._ZSt15get_new_handlerv
                0x0000000008009a64       0x10 /home/mdk/Ac6/SystemWorkbench/plugins/fr.ac6.mcu.externaltools.arm-none.linux64_1.15.0.201708311556/tools/compiler/bin/../lib/gcc/arm-none-eabi/6.3.1/../../../../arm-none-eabi/lib/thumb/v7-m/libstdc++.a(new_handler.o)
                0x0000000008009a64                std::get_new_handler()
 .text._ZL28read_encoded_value_with_basehjPKhPj
                0x0000000008009a74       0xc0 /home/mdk/Ac6/SystemWorkbench/plugins/fr.ac6.mcu.externaltools.arm-none.linux64_1.15.0.201708311556/tools/compiler/bin/../lib/gcc/arm-none-eabi/6.3.1/../../../../arm-none-eabi/lib/thumb/v7-m/libstdc++.a(eh_personality.o)
 .text._ZL21base_of_encoded_valuehP15_Unwind_Context
                0x0000000008009b34       0x40 /home/mdk/Ac6/SystemWorkbench/plugins/fr.ac6.mcu.externaltools.arm-none.linux64_1.15.0.201708311556/tools/compiler/bin/../lib/gcc/arm-none-eabi/6.3.1/../../../../arm-none-eabi/lib/thumb/v7-m/libstdc++.a(eh_personality.o)
 .text._ZL17parse_lsda_headerP15_Unwind_ContextPKhP16lsda_header_info
                0x0000000008009b74       0x94 /home/mdk/Ac6/SystemWorkbench/plugins/fr.ac6.mcu.externaltools.arm-none.linux64_1.15.0.201708311556/tools/compiler/bin/../lib/gcc/arm-none-eabi/6.3.1/../../../../arm-none-eabi/lib/thumb/v7-m/libstdc++.a(eh_personality.o)
 .text.__gxx_personality_v0
                0x0000000008009c08      0x4bc /home/mdk/Ac6/SystemWorkbench/plugins/fr.ac6.mcu.externaltools.arm-none.linux64_1.15.0.201708311556/tools/compiler/bin/../lib/gcc/arm-none-eabi/6.3.1/../../../../arm-none-eabi/lib/thumb/v7-m/libstdc++.a(eh_personality.o)
                0x0000000008009c08                __gxx_personality_v0
 .text._ZN10__cxxabiv111__terminateEPFvvE
                0x000000000800a0c4       0x28 /home/mdk/Ac6/SystemWorkbench/plugins/fr.ac6.mcu.externaltools.arm-none.linux64_1.15.0.201708311556/tools/compiler/bin/../lib/gcc/arm-none-eabi/6.3.1/../../../../arm-none-eabi/lib/thumb/v7-m/libstdc++.a(eh_terminate.o)
                0x000000000800a0c4                __cxxabiv1::__terminate(void (*)())
 .text._ZSt9terminatev
                0x000000000800a0ec       0x14 /home/mdk/Ac6/SystemWorkbench/plugins/fr.ac6.mcu.externaltools.arm-none.linux64_1.15.0.201708311556/tools/compiler/bin/../lib/gcc/arm-none-eabi/6.3.1/../../../../arm-none-eabi/lib/thumb/v7-m/libstdc++.a(eh_terminate.o)
                0x000000000800a0ec                std::terminate()
 .text._ZN10__cxxabiv112__unexpectedEPFvvE
                0x000000000800a100        0x8 /home/mdk/Ac6/SystemWorkbench/plugins/fr.ac6.mcu.externaltools.arm-none.linux64_1.15.0.201708311556/tools/compiler/bin/../lib/gcc/arm-none-eabi/6.3.1/../../../../arm-none-eabi/lib/thumb/v7-m/libstdc++.a(eh_terminate.o)
                0x000000000800a100                __cxxabiv1::__unexpected(void (*)())
 .text._ZSt10unexpectedv
                0x000000000800a108       0x14 /home/mdk/Ac6/SystemWorkbench/plugins/fr.ac6.mcu.externaltools.arm-none.linux64_1.15.0.201708311556/tools/compiler/bin/../lib/gcc/arm-none-eabi/6.3.1/../../../../arm-none-eabi/lib/thumb/v7-m/libstdc++.a(eh_terminate.o)
                0x000000000800a108                std::unexpected()
 .text._ZSt13get_terminatev
                0x000000000800a11c       0x10 /home/mdk/Ac6/SystemWorkbench/plugins/fr.ac6.mcu.externaltools.arm-none.linux64_1.15.0.201708311556/tools/compiler/bin/../lib/gcc/arm-none-eabi/6.3.1/../../../../arm-none-eabi/lib/thumb/v7-m/libstdc++.a(eh_terminate.o)
                0x000000000800a11c                std::get_terminate()
 .text._ZSt14get_unexpectedv
                0x000000000800a12c       0x10 /home/mdk/Ac6/SystemWorkbench/plugins/fr.ac6.mcu.externaltools.arm-none.linux64_1.15.0.201708311556/tools/compiler/bin/../lib/gcc/arm-none-eabi/6.3.1/../../../../arm-none-eabi/lib/thumb/v7-m/libstdc++.a(eh_terminate.o)
                0x000000000800a12c                std::get_unexpected()
 .text._ZdlPv   0x000000000800a13c        0x4 /home/mdk/Ac6/SystemWorkbench/plugins/fr.ac6.mcu.externaltools.arm-none.linux64_1.15.0.201708311556/tools/compiler/bin/../lib/gcc/arm-none-eabi/6.3.1/../../../../arm-none-eabi/lib/thumb/v7-m/libstdc++.a(del_op.o)
                0x000000000800a13c                operator delete(void*)
 .text._ZNSt9type_infoD2Ev
                0x000000000800a140        0x4 /home/mdk/Ac6/SystemWorkbench/plugins/fr.ac6.mcu.externaltools.arm-none.linux64_1.15.0.201708311556/tools/compiler/bin/../lib/gcc/arm-none-eabi/6.3.1/../../../../arm-none-eabi/lib/thumb/v7-m/libstdc++.a(tinfo.o)
                0x000000000800a140                std::type_info::~type_info()
                0x000000000800a140                std::type_info::~type_info()
 .text._ZNKSt9type_info15__is_function_pEv
                0x000000000800a144        0x4 /home/mdk/Ac6/SystemWorkbench/plugins/fr.ac6.mcu.externaltools.arm-none.linux64_1.15.0.201708311556/tools/compiler/bin/../lib/gcc/arm-none-eabi/6.3.1/../../../../arm-none-eabi/lib/thumb/v7-m/libstdc++.a(tinfo.o)
                0x000000000800a144                std::type_info::__is_function_p() const
                0x000000000800a144                std::type_info::__is_pointer_p() const
 .text._ZNKSt9type_infoeqERKS_
                0x000000000800a148       0x2c /home/mdk/Ac6/SystemWorkbench/plugins/fr.ac6.mcu.externaltools.arm-none.linux64_1.15.0.201708311556/tools/compiler/bin/../lib/gcc/arm-none-eabi/6.3.1/../../../../arm-none-eabi/lib/thumb/v7-m/libstdc++.a(tinfo.o)
                0x000000000800a148                std::type_info::operator==(std::type_info const&) const
 .text._ZNK10__cxxabiv117__class_type_info11__do_upcastEPKS0_PPv
                0x000000000800a174       0x38 /home/mdk/Ac6/SystemWorkbench/plugins/fr.ac6.mcu.externaltools.arm-none.linux64_1.15.0.201708311556/tools/compiler/bin/../lib/gcc/arm-none-eabi/6.3.1/../../../../arm-none-eabi/lib/thumb/v7-m/libstdc++.a(class_type_info.o)
                0x000000000800a174                __cxxabiv1::__class_type_info::__do_upcast(__cxxabiv1::__class_type_info const*, void**) const
 .text._ZNK10__cxxabiv117__class_type_info20__do_find_public_srcEiPKvPKS0_S2_
                0x000000000800a1ac        0xc /home/mdk/Ac6/SystemWorkbench/plugins/fr.ac6.mcu.externaltools.arm-none.linux64_1.15.0.201708311556/tools/compiler/bin/../lib/gcc/arm-none-eabi/6.3.1/../../../../arm-none-eabi/lib/thumb/v7-m/libstdc++.a(class_type_info.o)
                0x000000000800a1ac                __cxxabiv1::__class_type_info::__do_find_public_src(int, void const*, __cxxabiv1::__class_type_info const*, void const*) const
 .text._ZN10__cxxabiv117__class_type_infoD2Ev
                0x000000000800a1b8       0x14 /home/mdk/Ac6/SystemWorkbench/plugins/fr.ac6.mcu.externaltools.arm-none.linux64_1.15.0.201708311556/tools/compiler/bin/../lib/gcc/arm-none-eabi/6.3.1/../../../../arm-none-eabi/lib/thumb/v7-m/libstdc++.a(class_type_info.o)
                0x000000000800a1b8                __cxxabiv1::__class_type_info::~__class_type_info()
                0x000000000800a1b8                __cxxabiv1::__class_type_info::~__class_type_info()
 .text._ZN10__cxxabiv117__class_type_infoD0Ev
                0x000000000800a1cc       0x1c /home/mdk/Ac6/SystemWorkbench/plugins/fr.ac6.mcu.externaltools.arm-none.linux64_1.15.0.201708311556/tools/compiler/bin/../lib/gcc/arm-none-eabi/6.3.1/../../../../arm-none-eabi/lib/thumb/v7-m/libstdc++.a(class_type_info.o)
                0x000000000800a1cc                __cxxabiv1::__class_type_info::~__class_type_info()
 .text._ZNK10__cxxabiv117__class_type_info11__do_upcastEPKS0_PKvRNS0_15__upcast_resultE
                0x000000000800a1e8       0x18 /home/mdk/Ac6/SystemWorkbench/plugins/fr.ac6.mcu.externaltools.arm-none.linux64_1.15.0.201708311556/tools/compiler/bin/../lib/gcc/arm-none-eabi/6.3.1/../../../../arm-none-eabi/lib/thumb/v7-m/libstdc++.a(class_type_info.o)
                0x000000000800a1e8                __cxxabiv1::__class_type_info::__do_upcast(__cxxabiv1::__class_type_info const*, void const*, __cxxabiv1::__class_type_info::__upcast_result&) const
 .text._ZNK10__cxxabiv117__class_type_info10__do_catchEPKSt9type_infoPPvj
                0x000000000800a200       0x2c /home/mdk/Ac6/SystemWorkbench/plugins/fr.ac6.mcu.externaltools.arm-none.linux64_1.15.0.201708311556/tools/compiler/bin/../lib/gcc/arm-none-eabi/6.3.1/../../../../arm-none-eabi/lib/thumb/v7-m/libstdc++.a(class_type_info.o)
                0x000000000800a200                __cxxabiv1::__class_type_info::__do_catch(std::type_info const*, void**, unsigned int) const
 .text._ZNK10__cxxabiv117__class_type_info12__do_dyncastEiNS0_10__sub_kindEPKS0_PKvS3_S5_RNS0_16__dyncast_resultE
                0x000000000800a22c       0x40 /home/mdk/Ac6/SystemWorkbench/plugins/fr.ac6.mcu.externaltools.arm-none.linux64_1.15.0.201708311556/tools/compiler/bin/../lib/gcc/arm-none-eabi/6.3.1/../../../../arm-none-eabi/lib/thumb/v7-m/libstdc++.a(class_type_info.o)
                0x000000000800a22c                __cxxabiv1::__class_type_info::__do_dyncast(int, __cxxabiv1::__class_type_info::__sub_kind, __cxxabiv1::__class_type_info const*, void const*, __cxxabiv1::__class_type_info const*, void const*, __cxxabiv1::__class_type_info::__dyncast_result&) const
 .text.__cxa_end_cleanup
                0x000000000800a26c        0xc /home/mdk/Ac6/SystemWorkbench/plugins/fr.ac6.mcu.externaltools.arm-none.linux64_1.15.0.201708311556/tools/compiler/bin/../lib/gcc/arm-none-eabi/6.3.1/../../../../arm-none-eabi/lib/thumb/v7-m/libstdc++.a(eh_arm.o)
                0x000000000800a26c                __cxa_end_cleanup
 .text.__cxa_type_match
                0x000000000800a278       0xb8 /home/mdk/Ac6/SystemWorkbench/plugins/fr.ac6.mcu.externaltools.arm-none.linux64_1.15.0.201708311556/tools/compiler/bin/../lib/gcc/arm-none-eabi/6.3.1/../../../../arm-none-eabi/lib/thumb/v7-m/libstdc++.a(eh_arm.o)
                0x000000000800a278                __cxa_type_match
 .text.__cxa_begin_cleanup
                0x000000000800a330       0x64 /home/mdk/Ac6/SystemWorkbench/plugins/fr.ac6.mcu.externaltools.arm-none.linux64_1.15.0.201708311556/tools/compiler/bin/../lib/gcc/arm-none-eabi/6.3.1/../../../../arm-none-eabi/lib/thumb/v7-m/libstdc++.a(eh_arm.o)
                0x000000000800a330                __cxa_begin_cleanup
 .text.__gnu_end_cleanup
                0x000000000800a394       0x70 /home/mdk/Ac6/SystemWorkbench/plugins/fr.ac6.mcu.externaltools.arm-none.linux64_1.15.0.201708311556/tools/compiler/bin/../lib/gcc/arm-none-eabi/6.3.1/../../../../arm-none-eabi/lib/thumb/v7-m/libstdc++.a(eh_arm.o)
                0x000000000800a394                __gnu_end_cleanup
 .text.__cxa_get_globals_fast
                0x000000000800a404        0x8 /home/mdk/Ac6/SystemWorkbench/plugins/fr.ac6.mcu.externaltools.arm-none.linux64_1.15.0.201708311556/tools/compiler/bin/../lib/gcc/arm-none-eabi/6.3.1/../../../../arm-none-eabi/lib/thumb/v7-m/libstdc++.a(eh_globals.o)
                0x000000000800a404                __cxa_get_globals_fast
 .text.__cxa_get_globals
                0x000000000800a40c        0x8 /home/mdk/Ac6/SystemWorkbench/plugins/fr.ac6.mcu.externaltools.arm-none.linux64_1.15.0.201708311556/tools/compiler/bin/../lib/gcc/arm-none-eabi/6.3.1/../../../../arm-none-eabi/lib/thumb/v7-m/libstdc++.a(eh_globals.o)
                0x000000000800a40c                __cxa_get_globals
 .text._ZNSt9exceptionD2Ev
                0x000000000800a414        0x4 /home/mdk/Ac6/SystemWorkbench/plugins/fr.ac6.mcu.externaltools.arm-none.linux64_1.15.0.201708311556/tools/compiler/bin/../lib/gcc/arm-none-eabi/6.3.1/../../../../arm-none-eabi/lib/thumb/v7-m/libstdc++.a(eh_exception.o)
                0x000000000800a414                std::exception::~exception()
                0x000000000800a414                std::exception::~exception()
 .text._ZNSt13bad_exceptionD2Ev
                0x000000000800a418        0x4 /home/mdk/Ac6/SystemWorkbench/plugins/fr.ac6.mcu.externaltools.arm-none.linux64_1.15.0.201708311556/tools/compiler/bin/../lib/gcc/arm-none-eabi/6.3.1/../../../../arm-none-eabi/lib/thumb/v7-m/libstdc++.a(eh_exception.o)
                0x000000000800a418                std::bad_exception::~bad_exception()
                0x000000000800a418                std::bad_exception::~bad_exception()
 .text._ZGTtNKSt13bad_exception4whatEv
                0x000000000800a41c        0x8 /home/mdk/Ac6/SystemWorkbench/plugins/fr.ac6.mcu.externaltools.arm-none.linux64_1.15.0.201708311556/tools/compiler/bin/../lib/gcc/arm-none-eabi/6.3.1/../../../../arm-none-eabi/lib/thumb/v7-m/libstdc++.a(eh_exception.o)
                0x000000000800a41c                transaction clone for std::bad_exception::what() const
                0x000000000800a41c                std::bad_exception::what() const
 .text._ZNSt13bad_exceptionD0Ev
                0x000000000800a424       0x10 /home/mdk/Ac6/SystemWorkbench/plugins/fr.ac6.mcu.externaltools.arm-none.linux64_1.15.0.201708311556/tools/compiler/bin/../lib/gcc/arm-none-eabi/6.3.1/../../../../arm-none-eabi/lib/thumb/v7-m/libstdc++.a(eh_exception.o)
                0x000000000800a424                std::bad_exception::~bad_exception()
 .text._ZN10__cxxabiv1L24__is_gxx_exception_classEPc
                0x000000000800a434       0x3c /home/mdk/Ac6/SystemWorkbench/plugins/fr.ac6.mcu.externaltools.arm-none.linux64_1.15.0.201708311556/tools/compiler/bin/../lib/gcc/arm-none-eabi/6.3.1/../../../../arm-none-eabi/lib/thumb/v7-m/libstdc++.a(eh_call.o)
 .text.__cxa_call_terminate
                0x000000000800a470       0x20 /home/mdk/Ac6/SystemWorkbench/plugins/fr.ac6.mcu.externaltools.arm-none.linux64_1.15.0.201708311556/tools/compiler/bin/../lib/gcc/arm-none-eabi/6.3.1/../../../../arm-none-eabi/lib/thumb/v7-m/libstdc++.a(eh_call.o)
                0x000000000800a470                __cxa_call_terminate
 .text.__cxa_call_unexpected
                0x000000000800a490       0xe4 /home/mdk/Ac6/SystemWorkbench/plugins/fr.ac6.mcu.externaltools.arm-none.linux64_1.15.0.201708311556/tools/compiler/bin/../lib/gcc/arm-none-eabi/6.3.1/../../../../arm-none-eabi/lib/thumb/v7-m/libstdc++.a(eh_call.o)
                0x000000000800a490                __cxa_call_unexpected
 .text._ZN9__gnu_cxx27__verbose_terminate_handlerEv
                0x000000000800a574      0x110 /home/mdk/Ac6/SystemWorkbench/plugins/fr.ac6.mcu.externaltools.arm-none.linux64_1.15.0.201708311556/tools/compiler/bin/../lib/gcc/arm-none-eabi/6.3.1/../../../../arm-none-eabi/lib/thumb/v7-m/libstdc++.a(vterminate.o)
                0x000000000800a574                __gnu_cxx::__verbose_terminate_handler()
 .text.__cxa_current_exception_type
                0x000000000800a684       0x1c /home/mdk/Ac6/SystemWorkbench/plugins/fr.ac6.mcu.externaltools.arm-none.linux64_1.15.0.201708311556/tools/compiler/bin/../lib/gcc/arm-none-eabi/6.3.1/../../../../arm-none-eabi/lib/thumb/v7-m/libstdc++.a(eh_type.o)
                0x000000000800a684                __cxa_current_exception_type
 .text.abort    0x000000000800a6a0       0x10 /home/mdk/Ac6/SystemWorkbench/plugins/fr.ac6.mcu.externaltools.arm-none.linux64_1.15.0.201708311556/tools/compiler/bin/../lib/gcc/arm-none-eabi/6.3.1/../../../../arm-none-eabi/lib/thumb/v7-m/libc.a(lib_a-abort.o)
                0x000000000800a6a0                abort
 .text.fputc    0x000000000800a6b0       0x58 /home/mdk/Ac6/SystemWorkbench/plugins/fr.ac6.mcu.externaltools.arm-none.linux64_1.15.0.201708311556/tools/compiler/bin/../lib/gcc/arm-none-eabi/6.3.1/../../../../arm-none-eabi/lib/thumb/v7-m/libc.a(lib_a-fputc.o)
                0x000000000800a6b0                fputc
 .text._fputs_r
                0x000000000800a708       0x88 /home/mdk/Ac6/SystemWorkbench/plugins/fr.ac6.mcu.externaltools.arm-none.linux64_1.15.0.201708311556/tools/compiler/bin/../lib/gcc/arm-none-eabi/6.3.1/../../../../arm-none-eabi/lib/thumb/v7-m/libc.a(lib_a-fputs.o)
                0x000000000800a708                _fputs_r
 .text.fputs    0x000000000800a790       0x10 /home/mdk/Ac6/SystemWorkbench/plugins/fr.ac6.mcu.externaltools.arm-none.linux64_1.15.0.201708311556/tools/compiler/bin/../lib/gcc/arm-none-eabi/6.3.1/../../../../arm-none-eabi/lib/thumb/v7-m/libc.a(lib_a-fputs.o)
                0x000000000800a790                fputs
 .text.__sfvwrite_r
                0x000000000800a7a0      0x2f4 /home/mdk/Ac6/SystemWorkbench/plugins/fr.ac6.mcu.externaltools.arm-none.linux64_1.15.0.201708311556/tools/compiler/bin/../lib/gcc/arm-none-eabi/6.3.1/../../../../arm-none-eabi/lib/thumb/v7-m/libc.a(lib_a-fvwrite.o)
                0x000000000800a7a0                __sfvwrite_r
 .text._fwrite_r
                0x000000000800aa94       0xac /home/mdk/Ac6/SystemWorkbench/plugins/fr.ac6.mcu.externaltools.arm-none.linux64_1.15.0.201708311556/tools/compiler/bin/../lib/gcc/arm-none-eabi/6.3.1/../../../../arm-none-eabi/lib/thumb/v7-m/libc.a(lib_a-fwrite.o)
                0x000000000800aa94                _fwrite_r
 .text.fwrite   0x000000000800ab40       0x20 /home/mdk/Ac6/SystemWorkbench/plugins/fr.ac6.mcu.externaltools.arm-none.linux64_1.15.0.201708311556/tools/compiler/bin/../lib/gcc/arm-none-eabi/6.3.1/../../../../arm-none-eabi/lib/thumb/v7-m/libc.a(lib_a-fwrite.o)
                0x000000000800ab40                fwrite
 .text.__retarget_lock_init_recursive
                0x000000000800ab60        0x4 /home/mdk/Ac6/SystemWorkbench/plugins/fr.ac6.mcu.externaltools.arm-none.linux64_1.15.0.201708311556/tools/compiler/bin/../lib/gcc/arm-none-eabi/6.3.1/../../../../arm-none-eabi/lib/thumb/v7-m/libc.a(lib_a-lock.o)
                0x000000000800ab60                __retarget_lock_init_recursive
 .text.__retarget_lock_close_recursive
                0x000000000800ab64        0x4 /home/mdk/Ac6/SystemWorkbench/plugins/fr.ac6.mcu.externaltools.arm-none.linux64_1.15.0.201708311556/tools/compiler/bin/../lib/gcc/arm-none-eabi/6.3.1/../../../../arm-none-eabi/lib/thumb/v7-m/libc.a(lib_a-lock.o)
                0x000000000800ab64                __retarget_lock_close_recursive
 .text.__retarget_lock_acquire_recursive
                0x000000000800ab68        0x4 /home/mdk/Ac6/SystemWorkbench/plugins/fr.ac6.mcu.externaltools.arm-none.linux64_1.15.0.201708311556/tools/compiler/bin/../lib/gcc/arm-none-eabi/6.3.1/../../../../arm-none-eabi/lib/thumb/v7-m/libc.a(lib_a-lock.o)
                0x000000000800ab68                __retarget_lock_acquire_recursive
 .text.__retarget_lock_release_recursive
                0x000000000800ab6c        0x4 /home/mdk/Ac6/SystemWorkbench/plugins/fr.ac6.mcu.externaltools.arm-none.linux64_1.15.0.201708311556/tools/compiler/bin/../lib/gcc/arm-none-eabi/6.3.1/../../../../arm-none-eabi/lib/thumb/v7-m/libc.a(lib_a-lock.o)
                0x000000000800ab6c                __retarget_lock_release_recursive
 .text.malloc   0x000000000800ab70       0x10 /home/mdk/Ac6/SystemWorkbench/plugins/fr.ac6.mcu.externaltools.arm-none.linux64_1.15.0.201708311556/tools/compiler/bin/../lib/gcc/arm-none-eabi/6.3.1/../../../../arm-none-eabi/lib/thumb/v7-m/libc.a(lib_a-malloc.o)
                0x000000000800ab70                malloc
 .text.free     0x000000000800ab80       0x10 /home/mdk/Ac6/SystemWorkbench/plugins/fr.ac6.mcu.externaltools.arm-none.linux64_1.15.0.201708311556/tools/compiler/bin/../lib/gcc/arm-none-eabi/6.3.1/../../../../arm-none-eabi/lib/thumb/v7-m/libc.a(lib_a-malloc.o)
                0x000000000800ab80                free
 .text._malloc_r
                0x000000000800ab90      0x544 /home/mdk/Ac6/SystemWorkbench/plugins/fr.ac6.mcu.externaltools.arm-none.linux64_1.15.0.201708311556/tools/compiler/bin/../lib/gcc/arm-none-eabi/6.3.1/../../../../arm-none-eabi/lib/thumb/v7-m/libc.a(lib_a-mallocr.o)
                0x000000000800ab90                _malloc_r
 .text.memchr   0x000000000800b0d4       0x8c /home/mdk/Ac6/SystemWorkbench/plugins/fr.ac6.mcu.externaltools.arm-none.linux64_1.15.0.201708311556/tools/compiler/bin/../lib/gcc/arm-none-eabi/6.3.1/../../../../arm-none-eabi/lib/thumb/v7-m/libc.a(lib_a-memchr-stub.o)
                0x000000000800b0d4                memchr
 .text.memcmp   0x000000000800b160       0x60 /home/mdk/Ac6/SystemWorkbench/plugins/fr.ac6.mcu.externaltools.arm-none.linux64_1.15.0.201708311556/tools/compiler/bin/../lib/gcc/arm-none-eabi/6.3.1/../../../../arm-none-eabi/lib/thumb/v7-m/libc.a(lib_a-memcmp.o)
                0x000000000800b160                memcmp
 .text.memmove  0x000000000800b1c0       0xc8 /home/mdk/Ac6/SystemWorkbench/plugins/fr.ac6.mcu.externaltools.arm-none.linux64_1.15.0.201708311556/tools/compiler/bin/../lib/gcc/arm-none-eabi/6.3.1/../../../../arm-none-eabi/lib/thumb/v7-m/libc.a(lib_a-memmove.o)
                0x000000000800b1c0                memmove
 .text.memset   0x000000000800b288       0x9c /home/mdk/Ac6/SystemWorkbench/plugins/fr.ac6.mcu.externaltools.arm-none.linux64_1.15.0.201708311556/tools/compiler/bin/../lib/gcc/arm-none-eabi/6.3.1/../../../../arm-none-eabi/lib/thumb/v7-m/libc.a(lib_a-memset.o)
                0x000000000800b288                memset
 .text.__malloc_lock
                0x000000000800b324        0xc /home/mdk/Ac6/SystemWorkbench/plugins/fr.ac6.mcu.externaltools.arm-none.linux64_1.15.0.201708311556/tools/compiler/bin/../lib/gcc/arm-none-eabi/6.3.1/../../../../arm-none-eabi/lib/thumb/v7-m/libc.a(lib_a-mlock.o)
                0x000000000800b324                __malloc_lock
 .text.__malloc_unlock
                0x000000000800b330        0xc /home/mdk/Ac6/SystemWorkbench/plugins/fr.ac6.mcu.externaltools.arm-none.linux64_1.15.0.201708311556/tools/compiler/bin/../lib/gcc/arm-none-eabi/6.3.1/../../../../arm-none-eabi/lib/thumb/v7-m/libc.a(lib_a-mlock.o)
                0x000000000800b330                __malloc_unlock
 .text._putc_r  0x000000000800b33c       0x70 /home/mdk/Ac6/SystemWorkbench/plugins/fr.ac6.mcu.externaltools.arm-none.linux64_1.15.0.201708311556/tools/compiler/bin/../lib/gcc/arm-none-eabi/6.3.1/../../../../arm-none-eabi/lib/thumb/v7-m/libc.a(lib_a-putc.o)
                0x000000000800b33c                _putc_r
 .text.realloc  0x000000000800b3ac       0x10 /home/mdk/Ac6/SystemWorkbench/plugins/fr.ac6.mcu.externaltools.arm-none.linux64_1.15.0.201708311556/tools/compiler/bin/../lib/gcc/arm-none-eabi/6.3.1/../../../../arm-none-eabi/lib/thumb/v7-m/libc.a(lib_a-realloc.o)
                0x000000000800b3ac                realloc
 .text._realloc_r
                0x000000000800b3bc      0x36c /home/mdk/Ac6/SystemWorkbench/plugins/fr.ac6.mcu.externaltools.arm-none.linux64_1.15.0.201708311556/tools/compiler/bin/../lib/gcc/arm-none-eabi/6.3.1/../../../../arm-none-eabi/lib/thumb/v7-m/libc.a(lib_a-reallocr.o)
                0x000000000800b3bc                _realloc_r
 .text._sbrk_r  0x000000000800b728       0x24 /home/mdk/Ac6/SystemWorkbench/plugins/fr.ac6.mcu.externaltools.arm-none.linux64_1.15.0.201708311556/tools/compiler/bin/../lib/gcc/arm-none-eabi/6.3.1/../../../../arm-none-eabi/lib/thumb/v7-m/libc.a(lib_a-sbrkr.o)
                0x000000000800b728                _sbrk_r
 .text._raise_r
                0x000000000800b74c       0x60 /home/mdk/Ac6/SystemWorkbench/plugins/fr.ac6.mcu.externaltools.arm-none.linux64_1.15.0.201708311556/tools/compiler/bin/../lib/gcc/arm-none-eabi/6.3.1/../../../../arm-none-eabi/lib/thumb/v7-m/libc.a(lib_a-signal.o)
                0x000000000800b74c                _raise_r
 .text.raise    0x000000000800b7ac       0x10 /home/mdk/Ac6/SystemWorkbench/plugins/fr.ac6.mcu.externaltools.arm-none.linux64_1.15.0.201708311556/tools/compiler/bin/../lib/gcc/arm-none-eabi/6.3.1/../../../../arm-none-eabi/lib/thumb/v7-m/libc.a(lib_a-signal.o)
                0x000000000800b7ac                raise
 .text._kill_r  0x000000000800b7bc       0x28 /home/mdk/Ac6/SystemWorkbench/plugins/fr.ac6.mcu.externaltools.arm-none.linux64_1.15.0.201708311556/tools/compiler/bin/../lib/gcc/arm-none-eabi/6.3.1/../../../../arm-none-eabi/lib/thumb/v7-m/libc.a(lib_a-signalr.o)
                0x000000000800b7bc                _kill_r
 .text._getpid_r
                0x000000000800b7e4        0x4 /home/mdk/Ac6/SystemWorkbench/plugins/fr.ac6.mcu.externaltools.arm-none.linux64_1.15.0.201708311556/tools/compiler/bin/../lib/gcc/arm-none-eabi/6.3.1/../../../../arm-none-eabi/lib/thumb/v7-m/libc.a(lib_a-signalr.o)
                0x000000000800b7e4                _getpid_r
 .text.sprintf  0x000000000800b7e8       0x4c /home/mdk/Ac6/SystemWorkbench/plugins/fr.ac6.mcu.externaltools.arm-none.linux64_1.15.0.201708311556/tools/compiler/bin/../lib/gcc/arm-none-eabi/6.3.1/../../../../arm-none-eabi/lib/thumb/v7-m/libc.a(lib_a-sprintf.o)
                0x000000000800b7e8                sprintf
 .text.strlen   0x000000000800b834       0x5c /home/mdk/Ac6/SystemWorkbench/plugins/fr.ac6.mcu.externaltools.arm-none.linux64_1.15.0.201708311556/tools/compiler/bin/../lib/gcc/arm-none-eabi/6.3.1/../../../../arm-none-eabi/lib/thumb/v7-m/libc.a(lib_a-strlen-stub.o)
                0x000000000800b834                strlen
 .text.strncmp  0x000000000800b890       0xa0 /home/mdk/Ac6/SystemWorkbench/plugins/fr.ac6.mcu.externaltools.arm-none.linux64_1.15.0.201708311556/tools/compiler/bin/../lib/gcc/arm-none-eabi/6.3.1/../../../../arm-none-eabi/lib/thumb/v7-m/libc.a(lib_a-strncmp.o)
                0x000000000800b890                strncmp
 .text._svfprintf_r
                0x000000000800b930     0x1500 /home/mdk/Ac6/SystemWorkbench/plugins/fr.ac6.mcu.externaltools.arm-none.linux64_1.15.0.201708311556/tools/compiler/bin/../lib/gcc/arm-none-eabi/6.3.1/../../../../arm-none-eabi/lib/thumb/v7-m/libc.a(lib_a-svfprintf.o)
                0x000000000800b930                _svfprintf_r
 .text.__swbuf_r
                0x000000000800ce30       0xb0 /home/mdk/Ac6/SystemWorkbench/plugins/fr.ac6.mcu.externaltools.arm-none.linux64_1.15.0.201708311556/tools/compiler/bin/../lib/gcc/arm-none-eabi/6.3.1/../../../../arm-none-eabi/lib/thumb/v7-m/libc.a(lib_a-wbuf.o)
                0x000000000800ce30                __swbuf_r
 .text._write_r
                0x000000000800cee0       0x2c /home/mdk/Ac6/SystemWorkbench/plugins/fr.ac6.mcu.externaltools.arm-none.linux64_1.15.0.201708311556/tools/compiler/bin/../lib/gcc/arm-none-eabi/6.3.1/../../../../arm-none-eabi/lib/thumb/v7-m/libc.a(lib_a-writer.o)
                0x000000000800cee0                _write_r
 .text.__swsetup_r
                0x000000000800cf0c       0xc8 /home/mdk/Ac6/SystemWorkbench/plugins/fr.ac6.mcu.externaltools.arm-none.linux64_1.15.0.201708311556/tools/compiler/bin/../lib/gcc/arm-none-eabi/6.3.1/../../../../arm-none-eabi/lib/thumb/v7-m/libc.a(lib_a-wsetup.o)
                0x000000000800cf0c                __swsetup_r
 .text.startup.register_fini
                0x000000000800cfd4       0x14 /home/mdk/Ac6/SystemWorkbench/plugins/fr.ac6.mcu.externaltools.arm-none.linux64_1.15.0.201708311556/tools/compiler/bin/../lib/gcc/arm-none-eabi/6.3.1/../../../../arm-none-eabi/lib/thumb/v7-m/libc.a(lib_a-__call_atexit.o)
 .text.atexit   0x000000000800cfe8        0xc /home/mdk/Ac6/SystemWorkbench/plugins/fr.ac6.mcu.externaltools.arm-none.linux64_1.15.0.201708311556/tools/compiler/bin/../lib/gcc/arm-none-eabi/6.3.1/../../../../arm-none-eabi/lib/thumb/v7-m/libc.a(lib_a-atexit.o)
                0x000000000800cfe8                atexit
 .text.quorem   0x000000000800cff4      0x128 /home/mdk/Ac6/SystemWorkbench/plugins/fr.ac6.mcu.externaltools.arm-none.linux64_1.15.0.201708311556/tools/compiler/bin/../lib/gcc/arm-none-eabi/6.3.1/../../../../arm-none-eabi/lib/thumb/v7-m/libc.a(lib_a-dtoa.o)
 *fill*         0x000000000800d11c        0x4 
 .text._dtoa_r  0x000000000800d120      0xe44 /home/mdk/Ac6/SystemWorkbench/plugins/fr.ac6.mcu.externaltools.arm-none.linux64_1.15.0.201708311556/tools/compiler/bin/../lib/gcc/arm-none-eabi/6.3.1/../../../../arm-none-eabi/lib/thumb/v7-m/libc.a(lib_a-dtoa.o)
                0x000000000800d120                _dtoa_r
 .text.__sflush_r
                0x000000000800df64      0x138 /home/mdk/Ac6/SystemWorkbench/plugins/fr.ac6.mcu.externaltools.arm-none.linux64_1.15.0.201708311556/tools/compiler/bin/../lib/gcc/arm-none-eabi/6.3.1/../../../../arm-none-eabi/lib/thumb/v7-m/libc.a(lib_a-fflush.o)
                0x000000000800df64                __sflush_r
 .text._fflush_r
                0x000000000800e09c       0x54 /home/mdk/Ac6/SystemWorkbench/plugins/fr.ac6.mcu.externaltools.arm-none.linux64_1.15.0.201708311556/tools/compiler/bin/../lib/gcc/arm-none-eabi/6.3.1/../../../../arm-none-eabi/lib/thumb/v7-m/libc.a(lib_a-fflush.o)
                0x000000000800e09c                _fflush_r
 .text._cleanup_r
                0x000000000800e0f0        0xc /home/mdk/Ac6/SystemWorkbench/plugins/fr.ac6.mcu.externaltools.arm-none.linux64_1.15.0.201708311556/tools/compiler/bin/../lib/gcc/arm-none-eabi/6.3.1/../../../../arm-none-eabi/lib/thumb/v7-m/libc.a(lib_a-findfp.o)
                0x000000000800e0f0                _cleanup_r
 .text.std.isra.0
                0x000000000800e0fc       0x50 /home/mdk/Ac6/SystemWorkbench/plugins/fr.ac6.mcu.externaltools.arm-none.linux64_1.15.0.201708311556/tools/compiler/bin/../lib/gcc/arm-none-eabi/6.3.1/../../../../arm-none-eabi/lib/thumb/v7-m/libc.a(lib_a-findfp.o)
 .text.__sinit  0x000000000800e14c       0x60 /home/mdk/Ac6/SystemWorkbench/plugins/fr.ac6.mcu.externaltools.arm-none.linux64_1.15.0.201708311556/tools/compiler/bin/../lib/gcc/arm-none-eabi/6.3.1/../../../../arm-none-eabi/lib/thumb/v7-m/libc.a(lib_a-findfp.o)
                0x000000000800e14c                __sinit
 .text.__sfp_lock_acquire
                0x000000000800e1ac        0xc /home/mdk/Ac6/SystemWorkbench/plugins/fr.ac6.mcu.externaltools.arm-none.linux64_1.15.0.201708311556/tools/compiler/bin/../lib/gcc/arm-none-eabi/6.3.1/../../../../arm-none-eabi/lib/thumb/v7-m/libc.a(lib_a-findfp.o)
                0x000000000800e1ac                __sfp_lock_acquire
 .text.__sfp_lock_release
                0x000000000800e1b8        0xc /home/mdk/Ac6/SystemWorkbench/plugins/fr.ac6.mcu.externaltools.arm-none.linux64_1.15.0.201708311556/tools/compiler/bin/../lib/gcc/arm-none-eabi/6.3.1/../../../../arm-none-eabi/lib/thumb/v7-m/libc.a(lib_a-findfp.o)
                0x000000000800e1b8                __sfp_lock_release
 .text.__libc_fini_array
                0x000000000800e1c4       0x34 /home/mdk/Ac6/SystemWorkbench/plugins/fr.ac6.mcu.externaltools.arm-none.linux64_1.15.0.201708311556/tools/compiler/bin/../lib/gcc/arm-none-eabi/6.3.1/../../../../arm-none-eabi/lib/thumb/v7-m/libc.a(lib_a-fini.o)
                0x000000000800e1c4                __libc_fini_array
 .text._malloc_trim_r
                0x000000000800e1f8       0xa0 /home/mdk/Ac6/SystemWorkbench/plugins/fr.ac6.mcu.externaltools.arm-none.linux64_1.15.0.201708311556/tools/compiler/bin/../lib/gcc/arm-none-eabi/6.3.1/../../../../arm-none-eabi/lib/thumb/v7-m/libc.a(lib_a-freer.o)
                0x000000000800e1f8                _malloc_trim_r
 .text._free_r  0x000000000800e298      0x1cc /home/mdk/Ac6/SystemWorkbench/plugins/fr.ac6.mcu.externaltools.arm-none.linux64_1.15.0.201708311556/tools/compiler/bin/../lib/gcc/arm-none-eabi/6.3.1/../../../../arm-none-eabi/lib/thumb/v7-m/libc.a(lib_a-freer.o)
                0x000000000800e298                _free_r
 .text._fwalk_reent
                0x000000000800e464       0x50 /home/mdk/Ac6/SystemWorkbench/plugins/fr.ac6.mcu.externaltools.arm-none.linux64_1.15.0.201708311556/tools/compiler/bin/../lib/gcc/arm-none-eabi/6.3.1/../../../../arm-none-eabi/lib/thumb/v7-m/libc.a(lib_a-fwalk.o)
                0x000000000800e464                _fwalk_reent
 .text._localeconv_r
                0x000000000800e4b4       0x1c /home/mdk/Ac6/SystemWorkbench/plugins/fr.ac6.mcu.externaltools.arm-none.linux64_1.15.0.201708311556/tools/compiler/bin/../lib/gcc/arm-none-eabi/6.3.1/../../../../arm-none-eabi/lib/thumb/v7-m/libc.a(lib_a-localeconv.o)
                0x000000000800e4b4                _localeconv_r
 .text.__swhatbuf_r
                0x000000000800e4d0       0x5c /home/mdk/Ac6/SystemWorkbench/plugins/fr.ac6.mcu.externaltools.arm-none.linux64_1.15.0.201708311556/tools/compiler/bin/../lib/gcc/arm-none-eabi/6.3.1/../../../../arm-none-eabi/lib/thumb/v7-m/libc.a(lib_a-makebuf.o)
                0x000000000800e4d0                __swhatbuf_r
 .text.__smakebuf_r
                0x000000000800e52c       0x94 /home/mdk/Ac6/SystemWorkbench/plugins/fr.ac6.mcu.externaltools.arm-none.linux64_1.15.0.201708311556/tools/compiler/bin/../lib/gcc/arm-none-eabi/6.3.1/../../../../arm-none-eabi/lib/thumb/v7-m/libc.a(lib_a-makebuf.o)
                0x000000000800e52c                __smakebuf_r
 .text._Balloc  0x000000000800e5c0       0x4c /home/mdk/Ac6/SystemWorkbench/plugins/fr.ac6.mcu.externaltools.arm-none.linux64_1.15.0.201708311556/tools/compiler/bin/../lib/gcc/arm-none-eabi/6.3.1/../../../../arm-none-eabi/lib/thumb/v7-m/libc.a(lib_a-mprec.o)
                0x000000000800e5c0                _Balloc
 .text._Bfree   0x000000000800e60c       0x14 /home/mdk/Ac6/SystemWorkbench/plugins/fr.ac6.mcu.externaltools.arm-none.linux64_1.15.0.201708311556/tools/compiler/bin/../lib/gcc/arm-none-eabi/6.3.1/../../../../arm-none-eabi/lib/thumb/v7-m/libc.a(lib_a-mprec.o)
                0x000000000800e60c                _Bfree
 .text.__multadd
                0x000000000800e620       0x84 /home/mdk/Ac6/SystemWorkbench/plugins/fr.ac6.mcu.externaltools.arm-none.linux64_1.15.0.201708311556/tools/compiler/bin/../lib/gcc/arm-none-eabi/6.3.1/../../../../arm-none-eabi/lib/thumb/v7-m/libc.a(lib_a-mprec.o)
                0x000000000800e620                __multadd
 .text.__hi0bits
                0x000000000800e6a4       0x40 /home/mdk/Ac6/SystemWorkbench/plugins/fr.ac6.mcu.externaltools.arm-none.linux64_1.15.0.201708311556/tools/compiler/bin/../lib/gcc/arm-none-eabi/6.3.1/../../../../arm-none-eabi/lib/thumb/v7-m/libc.a(lib_a-mprec.o)
                0x000000000800e6a4                __hi0bits
 .text.__lo0bits
                0x000000000800e6e4       0x60 /home/mdk/Ac6/SystemWorkbench/plugins/fr.ac6.mcu.externaltools.arm-none.linux64_1.15.0.201708311556/tools/compiler/bin/../lib/gcc/arm-none-eabi/6.3.1/../../../../arm-none-eabi/lib/thumb/v7-m/libc.a(lib_a-mprec.o)
                0x000000000800e6e4                __lo0bits
 .text.__i2b    0x000000000800e744       0x14 /home/mdk/Ac6/SystemWorkbench/plugins/fr.ac6.mcu.externaltools.arm-none.linux64_1.15.0.201708311556/tools/compiler/bin/../lib/gcc/arm-none-eabi/6.3.1/../../../../arm-none-eabi/lib/thumb/v7-m/libc.a(lib_a-mprec.o)
                0x000000000800e744                __i2b
 .text.__multiply
                0x000000000800e758      0x124 /home/mdk/Ac6/SystemWorkbench/plugins/fr.ac6.mcu.externaltools.arm-none.linux64_1.15.0.201708311556/tools/compiler/bin/../lib/gcc/arm-none-eabi/6.3.1/../../../../arm-none-eabi/lib/thumb/v7-m/libc.a(lib_a-mprec.o)
                0x000000000800e758                __multiply
 .text.__pow5mult
                0x000000000800e87c       0xa0 /home/mdk/Ac6/SystemWorkbench/plugins/fr.ac6.mcu.externaltools.arm-none.linux64_1.15.0.201708311556/tools/compiler/bin/../lib/gcc/arm-none-eabi/6.3.1/../../../../arm-none-eabi/lib/thumb/v7-m/libc.a(lib_a-mprec.o)
                0x000000000800e87c                __pow5mult
 .text.__lshift
                0x000000000800e91c       0xa0 /home/mdk/Ac6/SystemWorkbench/plugins/fr.ac6.mcu.externaltools.arm-none.linux64_1.15.0.201708311556/tools/compiler/bin/../lib/gcc/arm-none-eabi/6.3.1/../../../../arm-none-eabi/lib/thumb/v7-m/libc.a(lib_a-mprec.o)
                0x000000000800e91c                __lshift
 .text.__mcmp   0x000000000800e9bc       0x38 /home/mdk/Ac6/SystemWorkbench/plugins/fr.ac6.mcu.externaltools.arm-none.linux64_1.15.0.201708311556/tools/compiler/bin/../lib/gcc/arm-none-eabi/6.3.1/../../../../arm-none-eabi/lib/thumb/v7-m/libc.a(lib_a-mprec.o)
                0x000000000800e9bc                __mcmp
 .text.__mdiff  0x000000000800e9f4      0x11c /home/mdk/Ac6/SystemWorkbench/plugins/fr.ac6.mcu.externaltools.arm-none.linux64_1.15.0.201708311556/tools/compiler/bin/../lib/gcc/arm-none-eabi/6.3.1/../../../../arm-none-eabi/lib/thumb/v7-m/libc.a(lib_a-mprec.o)
                0x000000000800e9f4                __mdiff
 .text.__d2b    0x000000000800eb10       0xa8 /home/mdk/Ac6/SystemWorkbench/plugins/fr.ac6.mcu.externaltools.arm-none.linux64_1.15.0.201708311556/tools/compiler/bin/../lib/gcc/arm-none-eabi/6.3.1/../../../../arm-none-eabi/lib/thumb/v7-m/libc.a(lib_a-mprec.o)
                0x000000000800eb10                __d2b
 .text.__sread  0x000000000800ebb8       0x24 /home/mdk/Ac6/SystemWorkbench/plugins/fr.ac6.mcu.externaltools.arm-none.linux64_1.15.0.201708311556/tools/compiler/bin/../lib/gcc/arm-none-eabi/6.3.1/../../../../arm-none-eabi/lib/thumb/v7-m/libc.a(lib_a-stdio.o)
                0x000000000800ebb8                __sread
 .text.__swrite
                0x000000000800ebdc       0x3c /home/mdk/Ac6/SystemWorkbench/plugins/fr.ac6.mcu.externaltools.arm-none.linux64_1.15.0.201708311556/tools/compiler/bin/../lib/gcc/arm-none-eabi/6.3.1/../../../../arm-none-eabi/lib/thumb/v7-m/libc.a(lib_a-stdio.o)
                0x000000000800ebdc                __swrite
 .text.__sseek  0x000000000800ec18       0x20 /home/mdk/Ac6/SystemWorkbench/plugins/fr.ac6.mcu.externaltools.arm-none.linux64_1.15.0.201708311556/tools/compiler/bin/../lib/gcc/arm-none-eabi/6.3.1/../../../../arm-none-eabi/lib/thumb/v7-m/libc.a(lib_a-stdio.o)
                0x000000000800ec18                __sseek
 .text.__sclose
                0x000000000800ec38        0x8 /home/mdk/Ac6/SystemWorkbench/plugins/fr.ac6.mcu.externaltools.arm-none.linux64_1.15.0.201708311556/tools/compiler/bin/../lib/gcc/arm-none-eabi/6.3.1/../../../../arm-none-eabi/lib/thumb/v7-m/libc.a(lib_a-stdio.o)
                0x000000000800ec38                __sclose
 .text.__ssprint_r
                0x000000000800ec40       0xfc /home/mdk/Ac6/SystemWorkbench/plugins/fr.ac6.mcu.externaltools.arm-none.linux64_1.15.0.201708311556/tools/compiler/bin/../lib/gcc/arm-none-eabi/6.3.1/../../../../arm-none-eabi/lib/thumb/v7-m/libc.a(lib_a-svfiprintf.o)
                0x000000000800ec40                __ssprint_r
 .text.__register_exitproc
                0x000000000800ed3c       0xc4 /home/mdk/Ac6/SystemWorkbench/plugins/fr.ac6.mcu.externaltools.arm-none.linux64_1.15.0.201708311556/tools/compiler/bin/../lib/gcc/arm-none-eabi/6.3.1/../../../../arm-none-eabi/lib/thumb/v7-m/libc.a(lib_a-__atexit.o)
                0x000000000800ed3c                __register_exitproc
 .text._calloc_r
                0x000000000800ee00       0x60 /home/mdk/Ac6/SystemWorkbench/plugins/fr.ac6.mcu.externaltools.arm-none.linux64_1.15.0.201708311556/tools/compiler/bin/../lib/gcc/arm-none-eabi/6.3.1/../../../../arm-none-eabi/lib/thumb/v7-m/libc.a(lib_a-callocr.o)
                0x000000000800ee00                _calloc_r
 .text._close_r
                0x000000000800ee60       0x24 /home/mdk/Ac6/SystemWorkbench/plugins/fr.ac6.mcu.externaltools.arm-none.linux64_1.15.0.201708311556/tools/compiler/bin/../lib/gcc/arm-none-eabi/6.3.1/../../../../arm-none-eabi/lib/thumb/v7-m/libc.a(lib_a-closer.o)
                0x000000000800ee60                _close_r
 .text._fclose_r
                0x000000000800ee84       0xc4 /home/mdk/Ac6/SystemWorkbench/plugins/fr.ac6.mcu.externaltools.arm-none.linux64_1.15.0.201708311556/tools/compiler/bin/../lib/gcc/arm-none-eabi/6.3.1/../../../../arm-none-eabi/lib/thumb/v7-m/libc.a(lib_a-fclose.o)
                0x000000000800ee84                _fclose_r
 .text._fstat_r
                0x000000000800ef48       0x28 /home/mdk/Ac6/SystemWorkbench/plugins/fr.ac6.mcu.externaltools.arm-none.linux64_1.15.0.201708311556/tools/compiler/bin/../lib/gcc/arm-none-eabi/6.3.1/../../../../arm-none-eabi/lib/thumb/v7-m/libc.a(lib_a-fstatr.o)
                0x000000000800ef48                _fstat_r
 .text._isatty_r
                0x000000000800ef70       0x24 /home/mdk/Ac6/SystemWorkbench/plugins/fr.ac6.mcu.externaltools.arm-none.linux64_1.15.0.201708311556/tools/compiler/bin/../lib/gcc/arm-none-eabi/6.3.1/../../../../arm-none-eabi/lib/thumb/v7-m/libc.a(lib_a-isattyr.o)
                0x000000000800ef70                _isatty_r
 .text._lseek_r
                0x000000000800ef94       0x2c /home/mdk/Ac6/SystemWorkbench/plugins/fr.ac6.mcu.externaltools.arm-none.linux64_1.15.0.201708311556/tools/compiler/bin/../lib/gcc/arm-none-eabi/6.3.1/../../../../arm-none-eabi/lib/thumb/v7-m/libc.a(lib_a-lseekr.o)
                0x000000000800ef94                _lseek_r
 .text.__ascii_mbtowc
                0x000000000800efc0       0x2c /home/mdk/Ac6/SystemWorkbench/plugins/fr.ac6.mcu.externaltools.arm-none.linux64_1.15.0.201708311556/tools/compiler/bin/../lib/gcc/arm-none-eabi/6.3.1/../../../../arm-none-eabi/lib/thumb/v7-m/libc.a(lib_a-mbtowc_r.o)
                0x000000000800efc0                __ascii_mbtowc
 .text._read_r  0x000000000800efec       0x2c /home/mdk/Ac6/SystemWorkbench/plugins/fr.ac6.mcu.externaltools.arm-none.linux64_1.15.0.201708311556/tools/compiler/bin/../lib/gcc/arm-none-eabi/6.3.1/../../../../arm-none-eabi/lib/thumb/v7-m/libc.a(lib_a-readr.o)
                0x000000000800efec                _read_r
 .text.__ascii_wctomb
                0x000000000800f018       0x18 /home/mdk/Ac6/SystemWorkbench/plugins/fr.ac6.mcu.externaltools.arm-none.linux64_1.15.0.201708311556/tools/compiler/bin/../lib/gcc/arm-none-eabi/6.3.1/../../../../arm-none-eabi/lib/thumb/v7-m/libc.a(lib_a-wctomb_r.o)
                0x000000000800f018                __ascii_wctomb
 *(.glue_7)
 .glue_7        0x000000000800f030        0x0 linker stubs
 *(.glue_7t)
 .glue_7t       0x000000000800f030        0x0 linker stubs
 *(.eh_frame)
 .eh_frame      0x000000000800f030        0x0 /home/mdk/Ac6/SystemWorkbench/plugins/fr.ac6.mcu.externaltools.arm-none.linux64_1.15.0.201708311556/tools/compiler/bin/../lib/gcc/arm-none-eabi/6.3.1/thumb/v7-m/crtbegin.o
 *(.init)
 .init          0x000000000800f030        0x4 /home/mdk/Ac6/SystemWorkbench/plugins/fr.ac6.mcu.externaltools.arm-none.linux64_1.15.0.201708311556/tools/compiler/bin/../lib/gcc/arm-none-eabi/6.3.1/thumb/v7-m/crti.o
                0x000000000800f030                _init
 .init          0x000000000800f034        0x8 /home/mdk/Ac6/SystemWorkbench/plugins/fr.ac6.mcu.externaltools.arm-none.linux64_1.15.0.201708311556/tools/compiler/bin/../lib/gcc/arm-none-eabi/6.3.1/thumb/v7-m/crtn.o
 *(.fini)
 .fini          0x000000000800f03c        0x4 /home/mdk/Ac6/SystemWorkbench/plugins/fr.ac6.mcu.externaltools.arm-none.linux64_1.15.0.201708311556/tools/compiler/bin/../lib/gcc/arm-none-eabi/6.3.1/thumb/v7-m/crti.o
                0x000000000800f03c                _fini
 .fini          0x000000000800f040        0x8 /home/mdk/Ac6/SystemWorkbench/plugins/fr.ac6.mcu.externaltools.arm-none.linux64_1.15.0.201708311556/tools/compiler/bin/../lib/gcc/arm-none-eabi/6.3.1/thumb/v7-m/crtn.o
                0x000000000800f048                . = ALIGN (0x4)
                0x000000000800f048                _etext = .

.vfp11_veneer   0x000000000800f048        0x0
 .vfp11_veneer  0x000000000800f048        0x0 linker stubs

.v4_bx          0x000000000800f048        0x0
 .v4_bx         0x000000000800f048        0x0 linker stubs

.iplt           0x000000000800f048        0x0
 .iplt          0x000000000800f048        0x0 /home/mdk/Ac6/SystemWorkbench/plugins/fr.ac6.mcu.externaltools.arm-none.linux64_1.15.0.201708311556/tools/compiler/bin/../lib/gcc/arm-none-eabi/6.3.1/thumb/v7-m/crtbegin.o

.rodata         0x000000000800f048     0x1cec
                0x000000000800f048                . = ALIGN (0x4)
 *(.rodata)
 .rodata        0x000000000800f048      0x810 src/AES.o
                0x000000000800f848                vtable for AES
 .rodata        0x000000000800f858       0x10 src/main.o
 .rodata        0x000000000800f868      0x798 /home/mdk/Ac6/SystemWorkbench/plugins/fr.ac6.mcu.externaltools.arm-none.linux64_1.15.0.201708311556/tools/compiler/bin/../lib/gcc/arm-none-eabi/6.3.1/../../../../arm-none-eabi/lib/thumb/v7-m/libstdc++.a(cp-demangle.o)
 *(.rodata*)
 .rodata._ZNKSt9bad_alloc4whatEv.str1.4
                0x0000000008010000        0xf /home/mdk/Ac6/SystemWorkbench/plugins/fr.ac6.mcu.externaltools.arm-none.linux64_1.15.0.201708311556/tools/compiler/bin/../lib/gcc/arm-none-eabi/6.3.1/../../../../arm-none-eabi/lib/thumb/v7-m/libstdc++.a(bad_alloc.o)
 *fill*         0x000000000801000f        0x1 
 .rodata._ZTISt9bad_alloc
                0x0000000008010010        0xc /home/mdk/Ac6/SystemWorkbench/plugins/fr.ac6.mcu.externaltools.arm-none.linux64_1.15.0.201708311556/tools/compiler/bin/../lib/gcc/arm-none-eabi/6.3.1/../../../../arm-none-eabi/lib/thumb/v7-m/libstdc++.a(bad_alloc.o)
                0x0000000008010010                typeinfo for std::bad_alloc
 .rodata._ZTSSt9bad_alloc
                0x000000000801001c        0xd /home/mdk/Ac6/SystemWorkbench/plugins/fr.ac6.mcu.externaltools.arm-none.linux64_1.15.0.201708311556/tools/compiler/bin/../lib/gcc/arm-none-eabi/6.3.1/../../../../arm-none-eabi/lib/thumb/v7-m/libstdc++.a(bad_alloc.o)
                0x000000000801001c                typeinfo name for std::bad_alloc
 *fill*         0x0000000008010029        0x3 
 .rodata._ZTVSt9bad_alloc
                0x000000000801002c       0x14 /home/mdk/Ac6/SystemWorkbench/plugins/fr.ac6.mcu.externaltools.arm-none.linux64_1.15.0.201708311556/tools/compiler/bin/../lib/gcc/arm-none-eabi/6.3.1/../../../../arm-none-eabi/lib/thumb/v7-m/libstdc++.a(bad_alloc.o)
                0x000000000801002c                vtable for std::bad_alloc
 .rodata._ZTIN10__cxxabiv120__si_class_type_infoE
                0x0000000008010040        0xc /home/mdk/Ac6/SystemWorkbench/plugins/fr.ac6.mcu.externaltools.arm-none.linux64_1.15.0.201708311556/tools/compiler/bin/../lib/gcc/arm-none-eabi/6.3.1/../../../../arm-none-eabi/lib/thumb/v7-m/libstdc++.a(si_class_type_info.o)
                0x0000000008010040                typeinfo for __cxxabiv1::__si_class_type_info
 .rodata._ZTSN10__cxxabiv120__si_class_type_infoE
                0x000000000801004c       0x25 /home/mdk/Ac6/SystemWorkbench/plugins/fr.ac6.mcu.externaltools.arm-none.linux64_1.15.0.201708311556/tools/compiler/bin/../lib/gcc/arm-none-eabi/6.3.1/../../../../arm-none-eabi/lib/thumb/v7-m/libstdc++.a(si_class_type_info.o)
                0x000000000801004c                typeinfo name for __cxxabiv1::__si_class_type_info
 *fill*         0x0000000008010071        0x3 
 .rodata._ZTVN10__cxxabiv120__si_class_type_infoE
                0x0000000008010074       0x2c /home/mdk/Ac6/SystemWorkbench/plugins/fr.ac6.mcu.externaltools.arm-none.linux64_1.15.0.201708311556/tools/compiler/bin/../lib/gcc/arm-none-eabi/6.3.1/../../../../arm-none-eabi/lib/thumb/v7-m/libstdc++.a(si_class_type_info.o)
                0x0000000008010074                vtable for __cxxabiv1::__si_class_type_info
 .rodata._ZTISt9type_info
                0x00000000080100a0        0x8 /home/mdk/Ac6/SystemWorkbench/plugins/fr.ac6.mcu.externaltools.arm-none.linux64_1.15.0.201708311556/tools/compiler/bin/../lib/gcc/arm-none-eabi/6.3.1/../../../../arm-none-eabi/lib/thumb/v7-m/libstdc++.a(tinfo.o)
                0x00000000080100a0                typeinfo for std::type_info
 .rodata._ZTSSt9type_info
                0x00000000080100a8        0xd /home/mdk/Ac6/SystemWorkbench/plugins/fr.ac6.mcu.externaltools.arm-none.linux64_1.15.0.201708311556/tools/compiler/bin/../lib/gcc/arm-none-eabi/6.3.1/../../../../arm-none-eabi/lib/thumb/v7-m/libstdc++.a(tinfo.o)
                0x00000000080100a8                typeinfo name for std::type_info
 *fill*         0x00000000080100b5        0x3 
 .rodata._ZTIN10__cxxabiv117__class_type_infoE
                0x00000000080100b8        0xc /home/mdk/Ac6/SystemWorkbench/plugins/fr.ac6.mcu.externaltools.arm-none.linux64_1.15.0.201708311556/tools/compiler/bin/../lib/gcc/arm-none-eabi/6.3.1/../../../../arm-none-eabi/lib/thumb/v7-m/libstdc++.a(class_type_info.o)
                0x00000000080100b8                typeinfo for __cxxabiv1::__class_type_info
 .rodata._ZTSN10__cxxabiv117__class_type_infoE
                0x00000000080100c4       0x22 /home/mdk/Ac6/SystemWorkbench/plugins/fr.ac6.mcu.externaltools.arm-none.linux64_1.15.0.201708311556/tools/compiler/bin/../lib/gcc/arm-none-eabi/6.3.1/../../../../arm-none-eabi/lib/thumb/v7-m/libstdc++.a(class_type_info.o)
                0x00000000080100c4                typeinfo name for __cxxabiv1::__class_type_info
 *fill*         0x00000000080100e6        0x2 
 .rodata._ZTVN10__cxxabiv117__class_type_infoE
                0x00000000080100e8       0x2c /home/mdk/Ac6/SystemWorkbench/plugins/fr.ac6.mcu.externaltools.arm-none.linux64_1.15.0.201708311556/tools/compiler/bin/../lib/gcc/arm-none-eabi/6.3.1/../../../../arm-none-eabi/lib/thumb/v7-m/libstdc++.a(class_type_info.o)
                0x00000000080100e8                vtable for __cxxabiv1::__class_type_info
 .rodata._ZGTtNKSt13bad_exception4whatEv.str1.4
                0x0000000008010114       0x13 /home/mdk/Ac6/SystemWorkbench/plugins/fr.ac6.mcu.externaltools.arm-none.linux64_1.15.0.201708311556/tools/compiler/bin/../lib/gcc/arm-none-eabi/6.3.1/../../../../arm-none-eabi/lib/thumb/v7-m/libstdc++.a(eh_exception.o)
 *fill*         0x0000000008010127        0x1 
 .rodata._ZTIN10__cxxabiv115__forced_unwindE
                0x0000000008010128        0x8 /home/mdk/Ac6/SystemWorkbench/plugins/fr.ac6.mcu.externaltools.arm-none.linux64_1.15.0.201708311556/tools/compiler/bin/../lib/gcc/arm-none-eabi/6.3.1/../../../../arm-none-eabi/lib/thumb/v7-m/libstdc++.a(eh_exception.o)
                0x0000000008010128                typeinfo for __cxxabiv1::__forced_unwind
 .rodata._ZTIN10__cxxabiv119__foreign_exceptionE
                0x0000000008010130        0x8 /home/mdk/Ac6/SystemWorkbench/plugins/fr.ac6.mcu.externaltools.arm-none.linux64_1.15.0.201708311556/tools/compiler/bin/../lib/gcc/arm-none-eabi/6.3.1/../../../../arm-none-eabi/lib/thumb/v7-m/libstdc++.a(eh_exception.o)
                0x0000000008010130                typeinfo for __cxxabiv1::__foreign_exception
 .rodata._ZTISt13bad_exception
                0x0000000008010138        0xc /home/mdk/Ac6/SystemWorkbench/plugins/fr.ac6.mcu.externaltools.arm-none.linux64_1.15.0.201708311556/tools/compiler/bin/../lib/gcc/arm-none-eabi/6.3.1/../../../../arm-none-eabi/lib/thumb/v7-m/libstdc++.a(eh_exception.o)
                0x0000000008010138                typeinfo for std::bad_exception
 .rodata._ZTISt9exception
                0x0000000008010144        0x8 /home/mdk/Ac6/SystemWorkbench/plugins/fr.ac6.mcu.externaltools.arm-none.linux64_1.15.0.201708311556/tools/compiler/bin/../lib/gcc/arm-none-eabi/6.3.1/../../../../arm-none-eabi/lib/thumb/v7-m/libstdc++.a(eh_exception.o)
                0x0000000008010144                typeinfo for std::exception
 .rodata._ZTSN10__cxxabiv115__forced_unwindE
                0x000000000801014c       0x20 /home/mdk/Ac6/SystemWorkbench/plugins/fr.ac6.mcu.externaltools.arm-none.linux64_1.15.0.201708311556/tools/compiler/bin/../lib/gcc/arm-none-eabi/6.3.1/../../../../arm-none-eabi/lib/thumb/v7-m/libstdc++.a(eh_exception.o)
                0x000000000801014c                typeinfo name for __cxxabiv1::__forced_unwind
 .rodata._ZTSN10__cxxabiv119__foreign_exceptionE
                0x000000000801016c       0x24 /home/mdk/Ac6/SystemWorkbench/plugins/fr.ac6.mcu.externaltools.arm-none.linux64_1.15.0.201708311556/tools/compiler/bin/../lib/gcc/arm-none-eabi/6.3.1/../../../../arm-none-eabi/lib/thumb/v7-m/libstdc++.a(eh_exception.o)
                0x000000000801016c                typeinfo name for __cxxabiv1::__foreign_exception
 .rodata._ZTSSt13bad_exception
                0x0000000008010190       0x12 /home/mdk/Ac6/SystemWorkbench/plugins/fr.ac6.mcu.externaltools.arm-none.linux64_1.15.0.201708311556/tools/compiler/bin/../lib/gcc/arm-none-eabi/6.3.1/../../../../arm-none-eabi/lib/thumb/v7-m/libstdc++.a(eh_exception.o)
                0x0000000008010190                typeinfo name for std::bad_exception
 *fill*         0x00000000080101a2        0x2 
 .rodata._ZTSSt9exception
                0x00000000080101a4        0xd /home/mdk/Ac6/SystemWorkbench/plugins/fr.ac6.mcu.externaltools.arm-none.linux64_1.15.0.201708311556/tools/compiler/bin/../lib/gcc/arm-none-eabi/6.3.1/../../../../arm-none-eabi/lib/thumb/v7-m/libstdc++.a(eh_exception.o)
                0x00000000080101a4                typeinfo name for std::exception
 *fill*         0x00000000080101b1        0x3 
 .rodata._ZTVSt13bad_exception
                0x00000000080101b4       0x14 /home/mdk/Ac6/SystemWorkbench/plugins/fr.ac6.mcu.externaltools.arm-none.linux64_1.15.0.201708311556/tools/compiler/bin/../lib/gcc/arm-none-eabi/6.3.1/../../../../arm-none-eabi/lib/thumb/v7-m/libstdc++.a(eh_exception.o)
                0x00000000080101b4                vtable for std::bad_exception
 .rodata._ZN9__gnu_cxx27__verbose_terminate_handlerEv.str1.4
                0x00000000080101c8       0x94 /home/mdk/Ac6/SystemWorkbench/plugins/fr.ac6.mcu.externaltools.arm-none.linux64_1.15.0.201708311556/tools/compiler/bin/../lib/gcc/arm-none-eabi/6.3.1/../../../../arm-none-eabi/lib/thumb/v7-m/libstdc++.a(vterminate.o)
 .rodata.str1.4
                0x000000000801025c      0x84e /home/mdk/Ac6/SystemWorkbench/plugins/fr.ac6.mcu.externaltools.arm-none.linux64_1.15.0.201708311556/tools/compiler/bin/../lib/gcc/arm-none-eabi/6.3.1/../../../../arm-none-eabi/lib/thumb/v7-m/libstdc++.a(cp-demangle.o)
                                        0x89e (size before relaxing)
 *fill*         0x0000000008010aaa        0x2 
 .rodata._global_impure_ptr
                0x0000000008010aac        0x4 /home/mdk/Ac6/SystemWorkbench/plugins/fr.ac6.mcu.externaltools.arm-none.linux64_1.15.0.201708311556/tools/compiler/bin/../lib/gcc/arm-none-eabi/6.3.1/../../../../arm-none-eabi/lib/thumb/v7-m/libc.a(lib_a-impure.o)
                0x0000000008010aac                _global_impure_ptr
 .rodata._svfprintf_r.str1.4
                0x0000000008010ab0       0x42 /home/mdk/Ac6/SystemWorkbench/plugins/fr.ac6.mcu.externaltools.arm-none.linux64_1.15.0.201708311556/tools/compiler/bin/../lib/gcc/arm-none-eabi/6.3.1/../../../../arm-none-eabi/lib/thumb/v7-m/libc.a(lib_a-svfprintf.o)
 *fill*         0x0000000008010af2        0x2 
 .rodata.blanks.7223
                0x0000000008010af4       0x10 /home/mdk/Ac6/SystemWorkbench/plugins/fr.ac6.mcu.externaltools.arm-none.linux64_1.15.0.201708311556/tools/compiler/bin/../lib/gcc/arm-none-eabi/6.3.1/../../../../arm-none-eabi/lib/thumb/v7-m/libc.a(lib_a-svfprintf.o)
 .rodata.zeroes.7224
                0x0000000008010b04       0x10 /home/mdk/Ac6/SystemWorkbench/plugins/fr.ac6.mcu.externaltools.arm-none.linux64_1.15.0.201708311556/tools/compiler/bin/../lib/gcc/arm-none-eabi/6.3.1/../../../../arm-none-eabi/lib/thumb/v7-m/libc.a(lib_a-svfprintf.o)
 .rodata._dtoa_r.str1.4
                0x0000000008010b14       0x10 /home/mdk/Ac6/SystemWorkbench/plugins/fr.ac6.mcu.externaltools.arm-none.linux64_1.15.0.201708311556/tools/compiler/bin/../lib/gcc/arm-none-eabi/6.3.1/../../../../arm-none-eabi/lib/thumb/v7-m/libc.a(lib_a-dtoa.o)
                                         0x12 (size before relaxing)
 *fill*         0x0000000008010b24        0x4 
 .rodata.__mprec_bigtens
                0x0000000008010b28       0x28 /home/mdk/Ac6/SystemWorkbench/plugins/fr.ac6.mcu.externaltools.arm-none.linux64_1.15.0.201708311556/tools/compiler/bin/../lib/gcc/arm-none-eabi/6.3.1/../../../../arm-none-eabi/lib/thumb/v7-m/libc.a(lib_a-mprec.o)
                0x0000000008010b28                __mprec_bigtens
 .rodata.__mprec_tens
                0x0000000008010b50       0xc8 /home/mdk/Ac6/SystemWorkbench/plugins/fr.ac6.mcu.externaltools.arm-none.linux64_1.15.0.201708311556/tools/compiler/bin/../lib/gcc/arm-none-eabi/6.3.1/../../../../arm-none-eabi/lib/thumb/v7-m/libc.a(lib_a-mprec.o)
                0x0000000008010b50                __mprec_tens
 .rodata.p05.6055
                0x0000000008010c18        0xc /home/mdk/Ac6/SystemWorkbench/plugins/fr.ac6.mcu.externaltools.arm-none.linux64_1.15.0.201708311556/tools/compiler/bin/../lib/gcc/arm-none-eabi/6.3.1/../../../../arm-none-eabi/lib/thumb/v7-m/libc.a(lib_a-mprec.o)
 .rodata._setlocale_r.str1.4
                0x0000000008010c24        0xc /home/mdk/Ac6/SystemWorkbench/plugins/fr.ac6.mcu.externaltools.arm-none.linux64_1.15.0.201708311556/tools/compiler/bin/../lib/gcc/arm-none-eabi/6.3.1/../../../../arm-none-eabi/lib/thumb/v7-m/libc.a(lib_a-locale.o)
                                          0xd (size before relaxing)
 .rodata.str1.4
                0x0000000008010c30        0x2 /home/mdk/Ac6/SystemWorkbench/plugins/fr.ac6.mcu.externaltools.arm-none.linux64_1.15.0.201708311556/tools/compiler/bin/../lib/gcc/arm-none-eabi/6.3.1/../../../../arm-none-eabi/lib/thumb/v7-m/libc.a(lib_a-locale.o)
 .rodata._ctype_
                0x0000000008010c30      0x101 /home/mdk/Ac6/SystemWorkbench/plugins/fr.ac6.mcu.externaltools.arm-none.linux64_1.15.0.201708311556/tools/compiler/bin/../lib/gcc/arm-none-eabi/6.3.1/../../../../arm-none-eabi/lib/thumb/v7-m/libc.a(lib_a-ctype_.o)
                0x0000000008010c30                _ctype_
                0x0000000008010d34                . = ALIGN (0x4)
 *fill*         0x0000000008010d31        0x3 

.ARM.extab      0x0000000008010d34       0xf0
                0x0000000008010d34                . = ALIGN (0x4)
 *(.ARM.extab* .gnu.linkonce.armextab.*)
 .ARM.extab.text.__cxa_begin_catch
                0x0000000008010d34        0xc /home/mdk/Ac6/SystemWorkbench/plugins/fr.ac6.mcu.externaltools.arm-none.linux64_1.15.0.201708311556/tools/compiler/bin/../lib/gcc/arm-none-eabi/6.3.1/../../../../arm-none-eabi/lib/thumb/v7-m/libstdc++.a(eh_catch.o)
 .ARM.extab.text._ZL21base_of_encoded_valuehP15_Unwind_Context
                0x0000000008010d40        0xc /home/mdk/Ac6/SystemWorkbench/plugins/fr.ac6.mcu.externaltools.arm-none.linux64_1.15.0.201708311556/tools/compiler/bin/../lib/gcc/arm-none-eabi/6.3.1/../../../../arm-none-eabi/lib/thumb/v7-m/libstdc++.a(eh_personality.o)
 .ARM.extab.text.__gxx_personality_v0
                0x0000000008010d4c       0x20 /home/mdk/Ac6/SystemWorkbench/plugins/fr.ac6.mcu.externaltools.arm-none.linux64_1.15.0.201708311556/tools/compiler/bin/../lib/gcc/arm-none-eabi/6.3.1/../../../../arm-none-eabi/lib/thumb/v7-m/libstdc++.a(eh_personality.o)
 .ARM.extab.text._ZN10__cxxabiv111__terminateEPFvvE
                0x0000000008010d6c       0x2c /home/mdk/Ac6/SystemWorkbench/plugins/fr.ac6.mcu.externaltools.arm-none.linux64_1.15.0.201708311556/tools/compiler/bin/../lib/gcc/arm-none-eabi/6.3.1/../../../../arm-none-eabi/lib/thumb/v7-m/libstdc++.a(eh_terminate.o)
 .ARM.extab.text._ZN10__cxxabiv112__unexpectedEPFvvE
                0x0000000008010d98        0xc /home/mdk/Ac6/SystemWorkbench/plugins/fr.ac6.mcu.externaltools.arm-none.linux64_1.15.0.201708311556/tools/compiler/bin/../lib/gcc/arm-none-eabi/6.3.1/../../../../arm-none-eabi/lib/thumb/v7-m/libstdc++.a(eh_terminate.o)
 .ARM.extab.text._ZSt10unexpectedv
                0x0000000008010da4        0xc /home/mdk/Ac6/SystemWorkbench/plugins/fr.ac6.mcu.externaltools.arm-none.linux64_1.15.0.201708311556/tools/compiler/bin/../lib/gcc/arm-none-eabi/6.3.1/../../../../arm-none-eabi/lib/thumb/v7-m/libstdc++.a(eh_terminate.o)
 .ARM.extab.text.__cxa_call_unexpected
                0x0000000008010db0       0x28 /home/mdk/Ac6/SystemWorkbench/plugins/fr.ac6.mcu.externaltools.arm-none.linux64_1.15.0.201708311556/tools/compiler/bin/../lib/gcc/arm-none-eabi/6.3.1/../../../../arm-none-eabi/lib/thumb/v7-m/libstdc++.a(eh_call.o)
 .ARM.extab.text._ZN9__gnu_cxx27__verbose_terminate_handlerEv
                0x0000000008010dd8       0x34 /home/mdk/Ac6/SystemWorkbench/plugins/fr.ac6.mcu.externaltools.arm-none.linux64_1.15.0.201708311556/tools/compiler/bin/../lib/gcc/arm-none-eabi/6.3.1/../../../../arm-none-eabi/lib/thumb/v7-m/libstdc++.a(vterminate.o)
 .ARM.extab     0x0000000008010e0c       0x18 /home/mdk/Ac6/SystemWorkbench/plugins/fr.ac6.mcu.externaltools.arm-none.linux64_1.15.0.201708311556/tools/compiler/bin/../lib/gcc/arm-none-eabi/6.3.1/thumb/v7-m/libgcc.a(pr-support.o)
                0x0000000008010e24                . = ALIGN (0x4)

.ARM            0x0000000008010e24      0x180
                0x0000000008010e24                . = ALIGN (0x4)
                0x0000000008010e24                __exidx_start = .
 *(.ARM.exidx*)
 .ARM.exidx.text._Znwj
                0x0000000008010edc        0x8 /home/mdk/Ac6/SystemWorkbench/plugins/fr.ac6.mcu.externaltools.arm-none.linux64_1.15.0.201708311556/tools/compiler/bin/../lib/gcc/arm-none-eabi/6.3.1/../../../../arm-none-eabi/lib/thumb/v7-m/libstdc++.a(new_op.o)
 .ARM.exidx.text._ZN12_GLOBAL__N_14pool4freeEPv.constprop.4
                0x0000000008010ee4        0x8 /home/mdk/Ac6/SystemWorkbench/plugins/fr.ac6.mcu.externaltools.arm-none.linux64_1.15.0.201708311556/tools/compiler/bin/../lib/gcc/arm-none-eabi/6.3.1/../../../../arm-none-eabi/lib/thumb/v7-m/libstdc++.a(eh_alloc.o)
 .ARM.exidx.text._ZN12_GLOBAL__N_14pool8allocateEj.constprop.5
                0x0000000008010eec        0x0 /home/mdk/Ac6/SystemWorkbench/plugins/fr.ac6.mcu.externaltools.arm-none.linux64_1.15.0.201708311556/tools/compiler/bin/../lib/gcc/arm-none-eabi/6.3.1/../../../../arm-none-eabi/lib/thumb/v7-m/libstdc++.a(eh_alloc.o)
                                          0x8 (size before relaxing)
 .ARM.exidx.text.__cxa_allocate_exception
                0x0000000008010eec        0x0 /home/mdk/Ac6/SystemWorkbench/plugins/fr.ac6.mcu.externaltools.arm-none.linux64_1.15.0.201708311556/tools/compiler/bin/../lib/gcc/arm-none-eabi/6.3.1/../../../../arm-none-eabi/lib/thumb/v7-m/libstdc++.a(eh_alloc.o)
                                          0x8 (size before relaxing)
 .ARM.exidx.text.__cxa_free_exception
                0x0000000008010eec        0x0 /home/mdk/Ac6/SystemWorkbench/plugins/fr.ac6.mcu.externaltools.arm-none.linux64_1.15.0.201708311556/tools/compiler/bin/../lib/gcc/arm-none-eabi/6.3.1/../../../../arm-none-eabi/lib/thumb/v7-m/libstdc++.a(eh_alloc.o)
                                          0x8 (size before relaxing)
 .ARM.exidx.text.startup._GLOBAL__sub_I__ZN9__gnu_cxx9__freeresEv
                0x0000000008010eec        0x0 /home/mdk/Ac6/SystemWorkbench/plugins/fr.ac6.mcu.externaltools.arm-none.linux64_1.15.0.201708311556/tools/compiler/bin/../lib/gcc/arm-none-eabi/6.3.1/../../../../arm-none-eabi/lib/thumb/v7-m/libstdc++.a(eh_alloc.o)
                                          0x8 (size before relaxing)
 .ARM.exidx.text._ZL23__gxx_exception_cleanup19_Unwind_Reason_CodeP21_Unwind_Control_Block
                0x0000000008010eec        0x8 /home/mdk/Ac6/SystemWorkbench/plugins/fr.ac6.mcu.externaltools.arm-none.linux64_1.15.0.201708311556/tools/compiler/bin/../lib/gcc/arm-none-eabi/6.3.1/../../../../arm-none-eabi/lib/thumb/v7-m/libstdc++.a(eh_throw.o)
 .ARM.exidx.text.__cxa_throw
                0x0000000008010ef4        0x8 /home/mdk/Ac6/SystemWorkbench/plugins/fr.ac6.mcu.externaltools.arm-none.linux64_1.15.0.201708311556/tools/compiler/bin/../lib/gcc/arm-none-eabi/6.3.1/../../../../arm-none-eabi/lib/thumb/v7-m/libstdc++.a(eh_throw.o)
 .ARM.exidx.text.__cxa_rethrow
                0x0000000008010efc        0x8 /home/mdk/Ac6/SystemWorkbench/plugins/fr.ac6.mcu.externaltools.arm-none.linux64_1.15.0.201708311556/tools/compiler/bin/../lib/gcc/arm-none-eabi/6.3.1/../../../../arm-none-eabi/lib/thumb/v7-m/libstdc++.a(eh_throw.o)
 .ARM.exidx.text.__cxa_begin_catch
                0x0000000008010f04        0x8 /home/mdk/Ac6/SystemWorkbench/plugins/fr.ac6.mcu.externaltools.arm-none.linux64_1.15.0.201708311556/tools/compiler/bin/../lib/gcc/arm-none-eabi/6.3.1/../../../../arm-none-eabi/lib/thumb/v7-m/libstdc++.a(eh_catch.o)
 .ARM.exidx.text.__cxa_end_catch
                0x0000000008010f0c        0x8 /home/mdk/Ac6/SystemWorkbench/plugins/fr.ac6.mcu.externaltools.arm-none.linux64_1.15.0.201708311556/tools/compiler/bin/../lib/gcc/arm-none-eabi/6.3.1/../../../../arm-none-eabi/lib/thumb/v7-m/libstdc++.a(eh_catch.o)
 .ARM.exidx.text._ZNKSt9bad_alloc4whatEv
                0x0000000008010f14        0x0 /home/mdk/Ac6/SystemWorkbench/plugins/fr.ac6.mcu.externaltools.arm-none.linux64_1.15.0.201708311556/tools/compiler/bin/../lib/gcc/arm-none-eabi/6.3.1/../../../../arm-none-eabi/lib/thumb/v7-m/libstdc++.a(bad_alloc.o)
                                          0x8 (size before relaxing)
 .ARM.exidx.text._ZNSt9bad_allocD2Ev
                0x0000000008010f14        0x0 /home/mdk/Ac6/SystemWorkbench/plugins/fr.ac6.mcu.externaltools.arm-none.linux64_1.15.0.201708311556/tools/compiler/bin/../lib/gcc/arm-none-eabi/6.3.1/../../../../arm-none-eabi/lib/thumb/v7-m/libstdc++.a(bad_alloc.o)
                                          0x8 (size before relaxing)
 .ARM.exidx.text._ZNSt9bad_allocD0Ev
                0x0000000008010f14        0x0 /home/mdk/Ac6/SystemWorkbench/plugins/fr.ac6.mcu.externaltools.arm-none.linux64_1.15.0.201708311556/tools/compiler/bin/../lib/gcc/arm-none-eabi/6.3.1/../../../../arm-none-eabi/lib/thumb/v7-m/libstdc++.a(bad_alloc.o)
                                          0x8 (size before relaxing)
 .ARM.exidx.text._ZN10__cxxabiv120__si_class_type_infoD2Ev
                0x0000000008010f14        0x0 /home/mdk/Ac6/SystemWorkbench/plugins/fr.ac6.mcu.externaltools.arm-none.linux64_1.15.0.201708311556/tools/compiler/bin/../lib/gcc/arm-none-eabi/6.3.1/../../../../arm-none-eabi/lib/thumb/v7-m/libstdc++.a(si_class_type_info.o)
                                          0x8 (size before relaxing)
 .ARM.exidx.text._ZN10__cxxabiv120__si_class_type_infoD0Ev